Archive member included to satisfy reference by file (symbol)

/home/arduino/ArduinoApps/pinocchio_add_light/.cache/sketch/core/core.a(WInterrupts.cpp.o)
                              /home/arduino/ArduinoApps/pinocchio_add_light/.cache/sketch/sketch/sketch.ino.cpp.o (attachInterrupt)
/home/arduino/ArduinoApps/pinocchio_add_light/.cache/sketch/core/core.a(Stream.cpp.o)
                              /home/arduino/ArduinoApps/pinocchio_add_light/.cache/sketch/sketch/sketch.ino.cpp.o (arduino::Stream::setTimeout(unsigned long))
/home/arduino/ArduinoApps/pinocchio_add_light/.cache/sketch/core/core.a(String.cpp.o)
                              /home/arduino/ArduinoApps/pinocchio_add_light/.cache/sketch/sketch/sketch.ino.cpp.o (arduino::String::String(arduino::String&&))
/home/arduino/ArduinoApps/pinocchio_add_light/.cache/sketch/core/core.a(itoa.cpp.o)
                              /home/arduino/ArduinoApps/pinocchio_add_light/.cache/sketch/core/core.a(String.cpp.o) (dtostrf)
/home/arduino/ArduinoApps/pinocchio_add_light/.cache/sketch/core/core.a(llext_wrappers.c.o)
                              /home/arduino/ArduinoApps/pinocchio_add_light/.cache/sketch/sketch/sketch.ino.cpp.o (memcpy)
/home/arduino/ArduinoApps/pinocchio_add_light/.cache/sketch/core/core.a(main.cpp.o)
                              (main)
/home/arduino/ArduinoApps/pinocchio_add_light/.cache/sketch/core/core.a(new.cpp.o)
                              /home/arduino/ArduinoApps/pinocchio_add_light/.cache/sketch/sketch/sketch.ino.cpp.o (operator new(unsigned int))
/home/arduino/ArduinoApps/pinocchio_add_light/.cache/sketch/core/core.a(threads.cpp.o)
                              /home/arduino/ArduinoApps/pinocchio_add_light/.cache/sketch/core/core.a(main.cpp.o) (start_static_threads())
/home/arduino/ArduinoApps/pinocchio_add_light/.cache/sketch/core/core.a(wiring_analog.cpp.o)
                              /home/arduino/ArduinoApps/pinocchio_add_light/.cache/sketch/sketch/sketch.ino.cpp.o (analogWrite)
/home/arduino/ArduinoApps/pinocchio_add_light/.cache/sketch/core/core.a(wiring_digital.cpp.o)
                              /home/arduino/ArduinoApps/pinocchio_add_light/.cache/sketch/sketch/sketch.ino.cpp.o (pinMode)
/home/arduino/ArduinoApps/pinocchio_add_light/.cache/sketch/core/core.a(zephyrCommon.cpp.o)
                              /home/arduino/ArduinoApps/pinocchio_add_light/.cache/sketch/sketch/sketch.ino.cpp.o (micros)
/home/arduino/ArduinoApps/pinocchio_add_light/.cache/sketch/core/core.a(zephyrPinctrl.cpp.o)
                              /home/arduino/ArduinoApps/pinocchio_add_light/.cache/sketch/core/core.a(wiring_analog.cpp.o) (zephyr::arduino::init_dev_apply_channel_pinctrl(device const*, unsigned int))
/home/arduino/ArduinoApps/pinocchio_add_light/.cache/sketch/core/core.a(zephyrSerial.cpp.o)
                              /home/arduino/ArduinoApps/pinocchio_add_light/.cache/sketch/libraries/Arduino_RouterBridge/singletons.cpp.o (Serial2)
/home/arduino/ArduinoApps/pinocchio_add_light/.cache/sketch/core/core.a(Common.cpp.o)
                              /home/arduino/ArduinoApps/pinocchio_add_light/.cache/sketch/core/core.a(wiring_analog.cpp.o) (map(long, long, long, long, long))
/home/arduino/.arduino15/packages/zephyr/tools/arm-zephyr-eabi/0.16.8/bin/../lib/gcc/arm-zephyr-eabi/12.2.0/../../../../arm-zephyr-eabi/lib/thumb/v8-m.main+fp/hard/libstdc++_nano.a(functexcept.o)
                              /home/arduino/ArduinoApps/pinocchio_add_light/.cache/sketch/sketch/sketch.ino.cpp.o (std::__throw_bad_alloc())
/home/arduino/.arduino15/packages/zephyr/tools/arm-zephyr-eabi/0.16.8/bin/../lib/gcc/arm-zephyr-eabi/12.2.0/../../../../arm-zephyr-eabi/lib/thumb/v8-m.main+fp/hard/libstdc++_nano.a(functional.o)
                              /home/arduino/ArduinoApps/pinocchio_add_light/.cache/sketch/sketch/sketch.ino.cpp.o (std::__throw_bad_function_call())
/home/arduino/.arduino15/packages/zephyr/tools/arm-zephyr-eabi/0.16.8/bin/../lib/gcc/arm-zephyr-eabi/12.2.0/../../../../arm-zephyr-eabi/lib/thumb/v8-m.main+fp/hard/libstdc++_nano.a(eh_exception.o)
                              /home/arduino/.arduino15/packages/zephyr/tools/arm-zephyr-eabi/0.16.8/bin/../lib/gcc/arm-zephyr-eabi/12.2.0/../../../../arm-zephyr-eabi/lib/thumb/v8-m.main+fp/hard/libstdc++_nano.a(functional.o) (std::exception::~exception())
/home/arduino/.arduino15/packages/zephyr/tools/arm-zephyr-eabi/0.16.8/bin/../lib/gcc/arm-zephyr-eabi/12.2.0/../../../../arm-zephyr-eabi/lib/thumb/v8-m.main+fp/hard/libstdc++_nano.a(si_class_type_info.o)
                              /home/arduino/.arduino15/packages/zephyr/tools/arm-zephyr-eabi/0.16.8/bin/../lib/gcc/arm-zephyr-eabi/12.2.0/../../../../arm-zephyr-eabi/lib/thumb/v8-m.main+fp/hard/libstdc++_nano.a(functional.o) (vtable for __cxxabiv1::__si_class_type_info)
[...]
Memory Configuration

Name             Origin             Length             Attributes
*default*        0x0000000000000000 0xffffffffffffffff

Linker script and memory map

LOAD /home/arduino/.arduino15/packages/zephyr/tools/arm-zephyr-eabi/0.16.8/bin/../lib/gcc/arm-zephyr-eabi/12.2.0/../../../../arm-zephyr-eabi/lib/thumb/v8-m.main+fp/hard/libstdc++_nano.a
LOAD /home/arduino/.arduino15/packages/zephyr/tools/arm-zephyr-eabi/0.16.8/bin/../lib/gcc/arm-zephyr-eabi/12.2.0/../../../../arm-zephyr-eabi/lib/thumb/v8-m.main+fp/hard/libsupc++_nano.a
LOAD /home/arduino/.arduino15/packages/zephyr/tools/arm-zephyr-eabi/0.16.8/bin/../lib/gcc/arm-zephyr-eabi/12.2.0/../../../../arm-zephyr-eabi/lib/thumb/v8-m.main+fp/hard/libnosys.a
LOAD /home/arduino/ArduinoApps/pinocchio_add_light/.cache/sketch/sketch/sketch.ino.cpp.o
LOAD /home/arduino/ArduinoApps/pinocchio_add_light/.cache/sketch/libraries/Wire/Wire.cpp.o
LOAD /home/arduino/ArduinoApps/pinocchio_add_light/.cache/sketch/libraries/Arduino_RouterBridge/singletons.cpp.o
LOAD /home/arduino/ArduinoApps/pinocchio_add_light/.cache/sketch/core/analogReference.cpp.o
LOAD /home/arduino/ArduinoApps/pinocchio_add_light/.cache/sketch/core/tls-syms.S.o
START GROUP
LOAD /home/arduino/ArduinoApps/pinocchio_add_light/.cache/sketch/core/core.a
LOAD /home/arduino/.arduino15/packages/zephyr/tools/arm-zephyr-eabi/0.16.8/bin/../lib/gcc/arm-zephyr-eabi/12.2.0/../../../../arm-zephyr-eabi/lib/thumb/v8-m.main+fp/hard/libstdc++_nano.a
LOAD /home/arduino/.arduino15/packages/zephyr/tools/arm-zephyr-eabi/0.16.8/bin/../lib/gcc/arm-zephyr-eabi/12.2.0/../../../../arm-zephyr-eabi/lib/thumb/v8-m.main+fp/hard/libsupc++_nano.a
LOAD /home/arduino/.arduino15/packages/zephyr/tools/arm-zephyr-eabi/0.16.8/bin/../lib/gcc/arm-zephyr-eabi/12.2.0/../../../../arm-zephyr-eabi/lib/thumb/v8-m.main+fp/hard/libm_nano.a
END GROUP

/DISCARD/
 *(.ARM.attributes)
 *(.ARM.attributes.*)
 *(.ARM.exidx)
 *(.ARM.exidx.*)
 *(.ARM.extidx)
 *(.ARM.extidx.*)
 *(.ARM.extab)
 *(.ARM.extab.*)
 *(.comment)
 *(.comment.*)
 *(.llvmbc)
 *(.llvmcmd)
 *(.eh_frame)
 *stdexcept.o()
 *eh_*.o()
 *cow-stdexcept.o()
 *cow-string-inst.o()

.text           0x0000000000000000     0x7b9a
 *(.text)
 *(.stub)
 *(.text*)
 .text._ZN15SerialTransport9availableEv
                0x0000000000000000       0x12 /home/arduino/ArduinoApps/pinocchio_add_light/.cache/sketch/sketch/sketch.ino.cpp.o
                0x0000000000000000                SerialTransport::available()
 .text._ZN15SerialTransport5writeEPKhj
                0x0000000000000012       0x10 /home/arduino/ArduinoApps/pinocchio_add_light/.cache/sketch/sketch/sketch.ino.cpp.o
                0x0000000000000012                SerialTransport::write(unsigned char const*, unsigned int)
 *fill*         0x0000000000000022        0x2 
 .text._Z11moveStepperiii
                0x0000000000000024       0x40 /home/arduino/ArduinoApps/pinocchio_add_light/.cache/sketch/sketch/sketch.ino.cpp.o
                0x0000000000000024                moveStepper(int, int, int)
 .text._Z6moveDciii
                0x0000000000000064       0x38 /home/arduino/ArduinoApps/pinocchio_add_light/.cache/sketch/sketch/sketch.ino.cpp.o
                0x0000000000000064                moveDc(int, int, int)
 .text._Z12getDcCommandi
                0x000000000000009c       0x18 /home/arduino/ArduinoApps/pinocchio_add_light/.cache/sketch/sketch/sketch.ino.cpp.o
                0x000000000000009c                getDcCommand(int)
 .text._ZN15SerialTransportD2Ev
                0x00000000000000b4        0x2 /home/arduino/ArduinoApps/pinocchio_add_light/.cache/sketch/sketch/sketch.ino.cpp.o
                0x00000000000000b4                SerialTransport::~SerialTransport()
                0x00000000000000b4                SerialTransport::~SerialTransport()
 *fill*         0x00000000000000b6        0x2 
 .text.k_yield  0x00000000000000b8        0x8 /home/arduino/ArduinoApps/pinocchio_add_light/.cache/sketch/sketch/sketch.ino.cpp.o
 .text.k_mutex_lock
                0x00000000000000c0        0x8 /home/arduino/ArduinoApps/pinocchio_add_light/.cache/sketch/sketch/sketch.ino.cpp.o
 .text.__tcf_0  0x00000000000000c8       0x10 /home/arduino/ArduinoApps/pinocchio_add_light/.cache/sketch/sketch/sketch.ino.cpp.o
 .text._ZN15SerialTransport4readEPhj
                0x00000000000000d8       0x28 /home/arduino/ArduinoApps/pinocchio_add_light/.cache/sketch/sketch/sketch.ino.cpp.o
                0x00000000000000d8                SerialTransport::read(unsigned char*, unsigned int)
 .text._ZN15SerialTransport9read_byteERh
                0x0000000000000100       0x20 /home/arduino/ArduinoApps/pinocchio_add_light/.cache/sketch/sketch/sketch.ino.cpp.o
                0x0000000000000100                SerialTransport::read_byte(unsigned char&)
 .text._ZN15SerialTransportD0Ev
                0x0000000000000120       0x14 /home/arduino/ArduinoApps/pinocchio_add_light/.cache/sketch/sketch/sketch.ino.cpp.o
                0x0000000000000120                SerialTransport::~SerialTransport()
 .text._Z10getEncoderi
                0x0000000000000134       0x2c /home/arduino/ArduinoApps/pinocchio_add_light/.cache/sketch/sketch/sketch.ino.cpp.o
                0x0000000000000134                getEncoder(int)
 .text._Z8encoder0v
                0x0000000000000160       0x2c /home/arduino/ArduinoApps/pinocchio_add_light/.cache/sketch/sketch/sketch.ino.cpp.o
                0x0000000000000160                encoder0()
 .text._Z8encoder1v
                0x000000000000018c       0x2c /home/arduino/ArduinoApps/pinocchio_add_light/.cache/sketch/sketch/sketch.ino.cpp.o
                0x000000000000018c                encoder1()
 .text._Z8setServoiii
                0x00000000000001b8       0x50 /home/arduino/ArduinoApps/pinocchio_add_light/.cache/sketch/sketch/sketch.ino.cpp.o
                0x00000000000001b8                setServo(int, int, int)
 .text._ZNSt17_Function_handlerIFiiEPS0_E10_M_managerERSt9_Any_dataRKS3_St18_Manager_operation
                0x0000000000000208       0x30 /home/arduino/ArduinoApps/pinocchio_add_light/.cache/sketch/sketch/sketch.ino.cpp.o
                0x0000000000000208                std::_Function_handler<int (int), int (*)(int)>::_M_manager(std::_Any_data&, std::_Any_data const&, std::_Manager_operation)
 .text._ZNSt17_Function_handlerIFiiEPS0_E9_M_invokeERKSt9_Any_dataOi
                0x0000000000000238        0x6 /home/arduino/ArduinoApps/pinocchio_add_light/.cache/sketch/sketch/sketch.ino.cpp.o
                0x0000000000000238                std::_Function_handler<int (int), int (*)(int)>::_M_invoke(std::_Any_data const&, int&&)
 *fill*         0x000000000000023e        0x2 
 .text._ZNSt17_Function_handlerIFiiiiiEPS0_E10_M_managerERSt9_Any_dataRKS3_St18_Manager_operation
                0x0000000000000240       0x30 /home/arduino/ArduinoApps/pinocchio_add_light/.cache/sketch/sketch/sketch.ino.cpp.o
                0x0000000000000240                std::_Function_handler<int (int, int, int, int), int (*)(int, int, int, int)>::_M_manager(std::_Any_data&, std::_Any_data const&, std::_Manager_operation)
 .text._ZNSt17_Function_handlerIFiiiiiEPS0_E9_M_invokeERKSt9_Any_dataOiS6_S6_S6_
                0x0000000000000270       0x1a /home/arduino/ArduinoApps/pinocchio_add_light/.cache/sketch/sketch/sketch.ino.cpp.o
                0x0000000000000270                std::_Function_handler<int (int, int, int, int), int (*)(int, int, int, int)>::_M_invoke(std::_Any_data const&, int&&, int&&, int&&, int&&)
 *fill*         0x000000000000028a        0x2 
 .text._ZNSt17_Function_handlerIFiiiiEPS0_E10_M_managerERSt9_Any_dataRKS3_St18_Manager_operation
                0x000000000000028c       0x30 /home/arduino/ArduinoApps/pinocchio_add_light/.cache/sketch/sketch/sketch.ino.cpp.o
                0x000000000000028c                std::_Function_handler<int (int, int, int), int (*)(int, int, int)>::_M_manager(std::_Any_data&, std::_Any_data const&, std::_Manager_operation)
 .text._ZNSt17_Function_handlerIFiiiiEPS0_E9_M_invokeERKSt9_Any_dataOiS6_S6_
                0x00000000000002bc       0x14 /home/arduino/ArduinoApps/pinocchio_add_light/.cache/sketch/sketch/sketch.ino.cpp.o
                0x00000000000002bc                std::_Function_handler<int (int, int, int), int (*)(int, int, int)>::_M_invoke(std::_Any_data const&, int&&, int&&, int&&)
 .text._ZNSt17_Function_handlerIFibEPS0_E10_M_managerERSt9_Any_dataRKS3_St18_Manager_operation
                0x00000000000002d0       0x30 /home/arduino/ArduinoApps/pinocchio_add_light/.cache/sketch/sketch/sketch.ino.cpp.o
                0x00000000000002d0                std::_Function_handler<int (bool), int (*)(bool)>::_M_manager(std::_Any_data&, std::_Any_data const&, std::_Manager_operation)
 .text._ZNSt17_Function_handlerIFibEPS0_E9_M_invokeERKSt9_Any_dataOb
                0x0000000000000300        0x6 /home/arduino/ArduinoApps/pinocchio_add_light/.cache/sketch/sketch/sketch.ino.cpp.o
                0x0000000000000300                std::_Function_handler<int (bool), int (*)(bool)>::_M_invoke(std::_Any_data const&, bool&&)
 *fill*         0x0000000000000306        0x2 
 .text._ZNSt17_Function_handlerIFivEPS0_E10_M_managerERSt9_Any_dataRKS3_St18_Manager_operation
                0x0000000000000308       0x30 /home/arduino/ArduinoApps/pinocchio_add_light/.cache/sketch/sketch/sketch.ino.cpp.o
                0x0000000000000308                std::_Function_handler<int (), int (*)()>::_M_manager(std::_Any_data&, std::_Any_data const&, std::_Manager_operation)
 .text._ZNSt17_Function_handlerIFivEPS0_E9_M_invokeERKSt9_Any_data
                0x0000000000000338        0x4 /home/arduino/ArduinoApps/pinocchio_add_light/.cache/sketch/sketch/sketch.ino.cpp.o
                0x0000000000000338                std::_Function_handler<int (), int (*)()>::_M_invoke(std::_Any_data const&)
 .text._ZSt14__relocate_a_1IhhENSt9enable_ifIXsrSt24__is_bitwise_relocatableIT_vE5valueEPS2_E4typeES4_S4_S4_RSaIT0_E.isra.0
                0x000000000000033c       0x20 /home/arduino/ArduinoApps/pinocchio_add_light/.cache/sketch/sketch/sketch.ino.cpp.o
 .text._ZN13DispatchEntryaSEOS_.isra.0
                0x000000000000035c       0x20 /home/arduino/ArduinoApps/pinocchio_add_light/.cache/sketch/sketch/sketch.ino.cpp.o
 .text._ZNSt12_Vector_baseIhSaIhEE11_M_allocateEj.isra.0
                0x000000000000037c       0x20 /home/arduino/ArduinoApps/pinocchio_add_light/.cache/sketch/sketch/sketch.ino.cpp.o
 .text.k_mutex_unlock.isra.0
                0x000000000000039c        0x8 /home/arduino/ArduinoApps/pinocchio_add_light/.cache/sketch/sketch/sketch.ino.cpp.o
 .text.k_mutex_init.isra.0
                0x00000000000003a4        0x8 /home/arduino/ArduinoApps/pinocchio_add_light/.cache/sketch/sketch/sketch.ino.cpp.o
 .text.k_msleep.constprop.0.isra.0
                0x00000000000003ac        0xc /home/arduino/ArduinoApps/pinocchio_add_light/.cache/sketch/sketch/sketch.ino.cpp.o
 .text._ZNSt14_Function_baseD2Ev
                0x00000000000003b8       0x12 /home/arduino/ArduinoApps/pinocchio_add_light/.cache/sketch/sketch/sketch.ino.cpp.o
                0x00000000000003b8                std::_Function_base::~_Function_base()
                0x00000000000003b8                std::_Function_base::~_Function_base()
 *fill*         0x00000000000003ca        0x2 
 .text._ZN18RpcFunctionWrapperISt8functionIFibEEED2Ev
                0x00000000000003cc       0x1c /home/arduino/ArduinoApps/pinocchio_add_light/.cache/sketch/sketch/sketch.ino.cpp.o
                0x00000000000003cc                RpcFunctionWrapper<std::function<int (bool)> >::~RpcFunctionWrapper()
                0x00000000000003cc                RpcFunctionWrapper<std::function<int (bool)> >::~RpcFunctionWrapper()
 .text._ZN18RpcFunctionWrapperISt8functionIFibEEED0Ev
                0x00000000000003e8       0x1c /home/arduino/ArduinoApps/pinocchio_add_light/.cache/sketch/sketch/sketch.ino.cpp.o
                0x00000000000003e8                RpcFunctionWrapper<std::function<int (bool)> >::~RpcFunctionWrapper()
 .text._ZN18RpcFunctionWrapperISt8functionIFiiiiiEEED2Ev
                0x0000000000000404       0x1c /home/arduino/ArduinoApps/pinocchio_add_light/.cache/sketch/sketch/sketch.ino.cpp.o
                0x0000000000000404                RpcFunctionWrapper<std::function<int (int, int, int, int)> >::~RpcFunctionWrapper()
                0x0000000000000404                RpcFunctionWrapper<std::function<int (int, int, int, int)> >::~RpcFunctionWrapper()
 .text._ZN18RpcFunctionWrapperISt8functionIFiiiiiEEED0Ev
                0x0000000000000420       0x1c /home/arduino/ArduinoApps/pinocchio_add_light/.cache/sketch/sketch/sketch.ino.cpp.o
                0x0000000000000420                RpcFunctionWrapper<std::function<int (int, int, int, int)> >::~RpcFunctionWrapper()
 .text._ZN18RpcFunctionWrapperISt8functionIFiiiiEEED2Ev
                0x000000000000043c       0x1c /home/arduino/ArduinoApps/pinocchio_add_light/.cache/sketch/sketch/sketch.ino.cpp.o
                0x000000000000043c                RpcFunctionWrapper<std::function<int (int, int, int)> >::~RpcFunctionWrapper()
                0x000000000000043c                RpcFunctionWrapper<std::function<int (int, int, int)> >::~RpcFunctionWrapper()
 .text._ZN18RpcFunctionWrapperISt8functionIFiiiiEEED0Ev
                0x0000000000000458       0x1c /home/arduino/ArduinoApps/pinocchio_add_light/.cache/sketch/sketch/sketch.ino.cpp.o
                0x0000000000000458                RpcFunctionWrapper<std::function<int (int, int, int)> >::~RpcFunctionWrapper()
 .text._ZN18RpcFunctionWrapperISt8functionIFivEEED2Ev
                0x0000000000000474       0x1c /home/arduino/ArduinoApps/pinocchio_add_light/.cache/sketch/sketch/sketch.ino.cpp.o
                0x0000000000000474                RpcFunctionWrapper<std::function<int ()> >::~RpcFunctionWrapper()
                0x0000000000000474                RpcFunctionWrapper<std::function<int ()> >::~RpcFunctionWrapper()
 .text._ZN18RpcFunctionWrapperISt8functionIFivEEED0Ev
                0x0000000000000490       0x1c /home/arduino/ArduinoApps/pinocchio_add_light/.cache/sketch/sketch/sketch.ino.cpp.o
                0x0000000000000490                RpcFunctionWrapper<std::function<int ()> >::~RpcFunctionWrapper()
 .text._ZN18RpcFunctionWrapperISt8functionIFiiEEED2Ev
                0x00000000000004ac       0x1c /home/arduino/ArduinoApps/pinocchio_add_light/.cache/sketch/sketch/sketch.ino.cpp.o
                0x00000000000004ac                RpcFunctionWrapper<std::function<int (int)> >::~RpcFunctionWrapper()
                0x00000000000004ac                RpcFunctionWrapper<std::function<int (int)> >::~RpcFunctionWrapper()
 .text._ZN18RpcFunctionWrapperISt8functionIFiiEEED0Ev
                0x00000000000004c8       0x1c /home/arduino/ArduinoApps/pinocchio_add_light/.cache/sketch/sketch/sketch.ino.cpp.o
                0x00000000000004c8                RpcFunctionWrapper<std::function<int (int)> >::~RpcFunctionWrapper()
 .text._ZN7arduino7msgpack8Unpacker11deserializeEv
                0x00000000000004e4       0x16 /home/arduino/ArduinoApps/pinocchio_add_light/.cache/sketch/sketch/sketch.ino.cpp.o
                0x00000000000004e4                arduino::msgpack::Unpacker::deserialize()
 .text._ZN7arduino7msgpack8Unpacker5clearEv
                0x00000000000004fa       0x14 /home/arduino/ArduinoApps/pinocchio_add_light/.cache/sketch/sketch/sketch.ino.cpp.o
                0x00000000000004fa                arduino::msgpack::Unpacker::clear()
 .text._ZNK7arduino7msgpack8Unpacker13getRawBytePtrEjj
                0x000000000000050e       0x1e /home/arduino/ArduinoApps/pinocchio_add_light/.cache/sketch/sketch/sketch.ino.cpp.o
                0x000000000000050e                arduino::msgpack::Unpacker::getRawBytePtr(unsigned int, unsigned int) const
 .text._ZN8RpcErrorC2Ev
                0x000000000000052c       0x2c /home/arduino/ArduinoApps/pinocchio_add_light/.cache/sketch/sketch/sketch.ino.cpp.o
                0x000000000000052c                RpcError::RpcError()
                0x000000000000052c                RpcError::RpcError()
 .text._ZN17RpcDecoderManager10getDecoderER10ITransport
                0x0000000000000558       0x7c /home/arduino/ArduinoApps/pinocchio_add_light/.cache/sketch/sketch/sketch.ino.cpp.o
                0x0000000000000558                RpcDecoderManager::getDecoder(ITransport&)
 .text._ZN17RpcDecoderManager11getInstanceEv
                0x00000000000005d4       0x30 /home/arduino/ArduinoApps/pinocchio_add_light/.cache/sketch/sketch/sketch.ino.cpp.o
                0x00000000000005d4                RpcDecoderManager::getInstance()
 .text._ZN13DispatchEntryD2Ev
                0x0000000000000604       0x18 /home/arduino/ArduinoApps/pinocchio_add_light/.cache/sketch/sketch/sketch.ino.cpp.o
                0x0000000000000604                DispatchEntry::~DispatchEntry()
                0x0000000000000604                DispatchEntry::~DispatchEntry()
 .text._ZN7arduino7msgpack8UnpackerC2Ev
                0x000000000000061c       0x10 /home/arduino/ArduinoApps/pinocchio_add_light/.cache/sketch/sketch/sketch.ino.cpp.o
                0x000000000000061c                arduino::msgpack::Unpacker::Unpacker()
                0x000000000000061c                arduino::msgpack::Unpacker::Unpacker()
 .text._ZN10RPCRequestILj256EEC2Ev
                0x000000000000062c       0x4c /home/arduino/ArduinoApps/pinocchio_add_light/.cache/sketch/sketch/sketch.ino.cpp.o
                0x000000000000062c                RPCRequest<256u>::RPCRequest()
                0x000000000000062c                RPCRequest<256u>::RPCRequest()
 .text._ZN11BridgeClass10is_startedEv
                0x0000000000000678       0x2c /home/arduino/ArduinoApps/pinocchio_add_light/.cache/sketch/sketch/sketch.ino.cpp.o
                0x0000000000000678                BridgeClass::is_started()
 .text._ZN7arduino9ZephyrI2C5writeEi
                0x00000000000006a4        0x8 /home/arduino/ArduinoApps/pinocchio_add_light/.cache/sketch/sketch/sketch.ino.cpp.o
                0x00000000000006a4                arduino::ZephyrI2C::write(int)
 .text._Z16sm16823WriteByteh
                0x00000000000006ac       0x58 /home/arduino/ArduinoApps/pinocchio_add_light/.cache/sketch/sketch/sketch.ino.cpp.o
                0x00000000000006ac                sm16823WriteByte(unsigned char)
 .text._Z15showStageLightsv
                0x0000000000000704       0xbc /home/arduino/ArduinoApps/pinocchio_add_light/.cache/sketch/sketch/sketch.ino.cpp.o
                0x0000000000000704                showStageLights()
 .text._Z11setRgbLightiiii
                0x00000000000007c0       0x38 /home/arduino/ArduinoApps/pinocchio_add_light/.cache/sketch/sketch/sketch.ino.cpp.o
                0x00000000000007c0                setRgbLight(int, int, int, int)
 .text._Z15setAllRgbLightsiii
                0x00000000000007f8       0x38 /home/arduino/ArduinoApps/pinocchio_add_light/.cache/sketch/sketch/sketch.ino.cpp.o
                0x00000000000007f8                setAllRgbLights(int, int, int)
 .text._Z12sm16823Beginv
                0x0000000000000830       0x4c /home/arduino/ArduinoApps/pinocchio_add_light/.cache/sketch/sketch/sketch.ino.cpp.o
                0x0000000000000830                sm16823Begin()
 .text._Z10servoTickshf
                0x000000000000087c       0x5c /home/arduino/ArduinoApps/pinocchio_add_light/.cache/sketch/sketch/sketch.ino.cpp.o
                0x000000000000087c                servoTicks(unsigned char, float)
 .text._Z18setSteppersEnabledb
                0x00000000000008d8       0x10 /home/arduino/ArduinoApps/pinocchio_add_light/.cache/sketch/sketch/sketch.ino.cpp.o
                0x00000000000008d8                setSteppersEnabled(bool)
 .text._Z10setDcMotorhi
                0x00000000000008e8       0x74 /home/arduino/ArduinoApps/pinocchio_add_light/.cache/sketch/sketch/sketch.ino.cpp.o
                0x00000000000008e8                setDcMotor(unsigned char, int)
 .text._Z11estopActivev
                0x000000000000095c       0x14 /home/arduino/ArduinoApps/pinocchio_add_light/.cache/sketch/sketch/sketch.ino.cpp.o
                0x000000000000095c                estopActive()
 .text._Z8getStatev
                0x0000000000000970       0x2c /home/arduino/ArduinoApps/pinocchio_add_light/.cache/sketch/sketch/sketch.ino.cpp.o
                0x0000000000000970                getState()
 .text._Z9heartbeatv
                0x000000000000099c       0x28 /home/arduino/ArduinoApps/pinocchio_add_light/.cache/sketch/sketch/sketch.ino.cpp.o
                0x000000000000099c                heartbeat()
 .text._Z14updateSteppersj
                0x00000000000009c4       0x80 /home/arduino/ArduinoApps/pinocchio_add_light/.cache/sketch/sketch/sketch.ino.cpp.o
                0x00000000000009c4                updateSteppers(unsigned int)
 .text._Z8updateDcv
                0x0000000000000a44       0x80 /home/arduino/ArduinoApps/pinocchio_add_light/.cache/sketch/sketch/sketch.ino.cpp.o
                0x0000000000000a44                updateDc()
 .text._ZNSt12_Vector_baseIhSaIhEED2Ev
                0x0000000000000ac4       0x18 /home/arduino/ArduinoApps/pinocchio_add_light/.cache/sketch/sketch/sketch.ino.cpp.o
                0x0000000000000ac4                std::_Vector_base<unsigned char, std::allocator<unsigned char> >::~_Vector_base()
                0x0000000000000ac4                std::_Vector_base<unsigned char, std::allocator<unsigned char> >::~_Vector_base()
 .text.__tcf_2  0x0000000000000adc       0x14 /home/arduino/ArduinoApps/pinocchio_add_light/.cache/sketch/sketch/sketch.ino.cpp.o
 .text.__tcf_1  0x0000000000000af0       0x14 /home/arduino/ArduinoApps/pinocchio_add_light/.cache/sketch/sketch/sketch.ino.cpp.o
 .text._ZNSt6vectorIhSaIhEE14_M_move_assignEOS1_St17integral_constantIbLb1EE.isra.0
                0x0000000000000b04       0x34 /home/arduino/ArduinoApps/pinocchio_add_light/.cache/sketch/sketch/sketch.ino.cpp.o
 .text._ZNK7arduino7msgpack8Unpacker11getRawBytesIhEET_jj
                0x0000000000000b38       0x1e /home/arduino/ArduinoApps/pinocchio_add_light/.cache/sketch/sketch/sketch.ino.cpp.o
                0x0000000000000b38                unsigned char arduino::msgpack::Unpacker::getRawBytes<unsigned char>(unsigned int, unsigned int) const
 *fill*         0x0000000000000b56        0x2 
 .text._ZNK7arduino7msgpack8Unpacker7getTypeEj
                0x0000000000000b58       0x58 /home/arduino/ArduinoApps/pinocchio_add_light/.cache/sketch/sketch/sketch.ino.cpp.o
                0x0000000000000b58                arduino::msgpack::Unpacker::getType(unsigned int) const
 .text._ZNK7arduino7msgpack8Unpacker7getTypeEv
                0x0000000000000bb0       0x10 /home/arduino/ArduinoApps/pinocchio_add_light/.cache/sketch/sketch/sketch.ino.cpp.o
                0x0000000000000bb0                arduino::msgpack::Unpacker::getType() const
 .text._ZN7arduino7msgpack8Unpacker9unpackNilEv
                0x0000000000000bc0       0x3c /home/arduino/ArduinoApps/pinocchio_add_light/.cache/sketch/sketch/sketch.ino.cpp.o
                0x0000000000000bc0                arduino::msgpack::Unpacker::unpackNil()
 .text._ZNK7arduino7msgpack8Unpacker7isArrayEv
                0x0000000000000bfc       0x20 /home/arduino/ArduinoApps/pinocchio_add_light/.cache/sketch/sketch/sketch.ino.cpp.o
                0x0000000000000bfc                arduino::msgpack::Unpacker::isArray() const
 .text._ZNK7arduino7msgpack8Unpacker5isMapEv
                0x0000000000000c1c       0x20 /home/arduino/ArduinoApps/pinocchio_add_light/.cache/sketch/sketch/sketch.ino.cpp.o
                0x0000000000000c1c                arduino::msgpack::Unpacker::isMap() const
 .text._ZN7arduino7msgpack8Unpacker13unpackFloat32Ev
                0x0000000000000c3c       0x60 /home/arduino/ArduinoApps/pinocchio_add_light/.cache/sketch/sketch/sketch.ino.cpp.o
                0x0000000000000c3c                arduino::msgpack::Unpacker::unpackFloat32()
 *fill*         0x0000000000000c9c        0x4 
 .text._ZN7arduino7msgpack8Unpacker13unpackFloat64Ev
                0x0000000000000ca0       0x6c /home/arduino/ArduinoApps/pinocchio_add_light/.cache/sketch/sketch/sketch.ino.cpp.o
                0x0000000000000ca0                arduino::msgpack::Unpacker::unpackFloat64()
 .text._ZN7arduino7msgpack8Unpacker11unpackInt64Ev
                0x0000000000000d0c       0x60 /home/arduino/ArduinoApps/pinocchio_add_light/.cache/sketch/sketch/sketch.ino.cpp.o
                0x0000000000000d0c                arduino::msgpack::Unpacker::unpackInt64()
 .text._ZN7arduino7msgpack8Unpacker11unpackInt32Ev
                0x0000000000000d6c       0x58 /home/arduino/ArduinoApps/pinocchio_add_light/.cache/sketch/sketch/sketch.ino.cpp.o
                0x0000000000000d6c                arduino::msgpack::Unpacker::unpackInt32()
 .text._ZN7arduino7msgpack8Unpacker11unpackInt16Ev
                0x0000000000000dc4       0x4c /home/arduino/ArduinoApps/pinocchio_add_light/.cache/sketch/sketch/sketch.ino.cpp.o
                0x0000000000000dc4                arduino::msgpack::Unpacker::unpackInt16()
 .text._ZN7arduino7msgpack8Unpacker10unpackInt5Ev
                0x0000000000000e10       0x4c /home/arduino/ArduinoApps/pinocchio_add_light/.cache/sketch/sketch/sketch.ino.cpp.o
                0x0000000000000e10                arduino::msgpack::Unpacker::unpackInt5()
 .text._ZN7arduino7msgpack8Unpacker11unpackUInt7Ev
                0x0000000000000e5c       0x48 /home/arduino/ArduinoApps/pinocchio_add_light/.cache/sketch/sketch/sketch.ino.cpp.o
                0x0000000000000e5c                arduino::msgpack::Unpacker::unpackUInt7()
 .text._ZN7arduino7msgpack8Unpacker11unpackUInt8Ev
                0x0000000000000ea4       0x48 /home/arduino/ArduinoApps/pinocchio_add_light/.cache/sketch/sketch/sketch.ino.cpp.o
                0x0000000000000ea4                arduino::msgpack::Unpacker::unpackUInt8()
 .text._ZNK7arduino7msgpack8Unpacker11getRawBytesItEET_jj
                0x0000000000000eec       0x26 /home/arduino/ArduinoApps/pinocchio_add_light/.cache/sketch/sketch/sketch.ino.cpp.o
                0x0000000000000eec                unsigned short arduino::msgpack::Unpacker::getRawBytes<unsigned short>(unsigned int, unsigned int) const
 *fill*         0x0000000000000f12        0x2 
 .text._ZN7arduino7msgpack8Unpacker12unpackUInt16Ev
                0x0000000000000f14       0x48 /home/arduino/ArduinoApps/pinocchio_add_light/.cache/sketch/sketch/sketch.ino.cpp.o
                0x0000000000000f14                arduino::msgpack::Unpacker::unpackUInt16()
 .text._ZNK7arduino7msgpack8Unpacker11getRawBytesIjEET_jj
                0x0000000000000f5c       0x34 /home/arduino/ArduinoApps/pinocchio_add_light/.cache/sketch/sketch/sketch.ino.cpp.o
                0x0000000000000f5c                unsigned int arduino::msgpack::Unpacker::getRawBytes<unsigned int>(unsigned int, unsigned int) const
 .text._ZNK7arduino7msgpack8Unpacker14getElementSizeEj
                0x0000000000000f90      0x11c /home/arduino/ArduinoApps/pinocchio_add_light/.cache/sketch/sketch/sketch.ino.cpp.o
                0x0000000000000f90                arduino::msgpack::Unpacker::getElementSize(unsigned int) const
 .text._ZN7arduino7msgpack8Unpacker15unpackArraySizeEv
                0x00000000000010ac       0x78 /home/arduino/ArduinoApps/pinocchio_add_light/.cache/sketch/sketch/sketch.ino.cpp.o
                0x00000000000010ac                arduino::msgpack::Unpacker::unpackArraySize()
 .text._ZN7arduino7msgpack8Unpacker12unpackUInt32Ev
                0x0000000000001124       0x48 /home/arduino/ArduinoApps/pinocchio_add_light/.cache/sketch/sketch/sketch.ino.cpp.o
                0x0000000000001124                arduino::msgpack::Unpacker::unpackUInt32()
 .text._ZN7arduino7msgpack8Unpacker13unpackMapSizeEv
                0x000000000000116c       0x78 /home/arduino/ArduinoApps/pinocchio_add_light/.cache/sketch/sketch/sketch.ino.cpp.o
                0x000000000000116c                arduino::msgpack::Unpacker::unpackMapSize()
 .text._ZNK7arduino7msgpack8Unpacker11getRawBytesIyEET_jj
                0x00000000000011e4       0x3a /home/arduino/ArduinoApps/pinocchio_add_light/.cache/sketch/sketch/sketch.ino.cpp.o
                0x00000000000011e4                unsigned long long arduino::msgpack::Unpacker::getRawBytes<unsigned long long>(unsigned int, unsigned int) const
 *fill*         0x000000000000121e        0x2 
 .text._ZN7arduino7msgpack8Unpacker12unpackUInt64Ev
                0x0000000000001220       0x4c /home/arduino/ArduinoApps/pinocchio_add_light/.cache/sketch/sketch/sketch.ino.cpp.o
                0x0000000000001220                arduino::msgpack::Unpacker::unpackUInt64()
 .text._ZNK7arduino7msgpack8Unpacker11getRawBytesIaEET_jj
                0x000000000000126c       0x1e /home/arduino/ArduinoApps/pinocchio_add_light/.cache/sketch/sketch/sketch.ino.cpp.o
                0x000000000000126c                signed char arduino::msgpack::Unpacker::getRawBytes<signed char>(unsigned int, unsigned int) const
 *fill*         0x000000000000128a        0x2 
 .text._ZN7arduino7msgpack8Unpacker10unpackInt8Ev
                0x000000000000128c       0x48 /home/arduino/ArduinoApps/pinocchio_add_light/.cache/sketch/sketch/sketch.ino.cpp.o
                0x000000000000128c                arduino::msgpack::Unpacker::unpackInt8()
 .text._ZNK7arduino7msgpack8Unpacker13isTimestamp32Ev
                0x00000000000012d4       0x2c /home/arduino/ArduinoApps/pinocchio_add_light/.cache/sketch/sketch/sketch.ino.cpp.o
                0x00000000000012d4                arduino::msgpack::Unpacker::isTimestamp32() const
 .text._ZNK7arduino7msgpack8Unpacker13isTimestamp64Ev
                0x0000000000001300       0x2c /home/arduino/ArduinoApps/pinocchio_add_light/.cache/sketch/sketch/sketch.ino.cpp.o
                0x0000000000001300                arduino::msgpack::Unpacker::isTimestamp64() const
 .text._ZNK7arduino7msgpack8Unpacker13isTimestamp96Ev
                0x000000000000132c       0x40 /home/arduino/ArduinoApps/pinocchio_add_light/.cache/sketch/sketch/sketch.ino.cpp.o
                0x000000000000132c                arduino::msgpack::Unpacker::isTimestamp96() const
 .text._ZNK7arduino7msgpack8Unpacker11getRawBytesIcEET_jj
                0x000000000000136c       0x1e /home/arduino/ArduinoApps/pinocchio_add_light/.cache/sketch/sketch/sketch.ino.cpp.o
                0x000000000000136c                char arduino::msgpack::Unpacker::getRawBytes<char>(unsigned int, unsigned int) const
 *fill*         0x000000000000138a        0x2 
 .text._ZN7arduino7msgpack8Unpacker11deserializeINS0_4type9ArraySizeEJEEEbRT_DpOT0_
                0x000000000000138c       0x40 /home/arduino/ArduinoApps/pinocchio_add_light/.cache/sketch/sketch/sketch.ino.cpp.o
                0x000000000000138c                bool arduino::msgpack::Unpacker::deserialize<arduino::msgpack::type::ArraySize>(arduino::msgpack::type::ArraySize&)
 .text._ZN7arduino7msgpack8Unpacker11deserializeINS0_6object5nil_tEJEEEbRT_DpOT0_
                0x00000000000013cc       0x40 /home/arduino/ArduinoApps/pinocchio_add_light/.cache/sketch/sketch/sketch.ino.cpp.o
                0x00000000000013cc                bool arduino::msgpack::Unpacker::deserialize<arduino::msgpack::object::nil_t>(arduino::msgpack::object::nil_t&)
 .text._ZN7arduino7msgpack8Unpacker11deserializeIbJEEEbRT_DpOT0_
                0x000000000000140c       0x68 /home/arduino/ArduinoApps/pinocchio_add_light/.cache/sketch/sketch/sketch.ino.cpp.o
                0x000000000000140c                bool arduino::msgpack::Unpacker::deserialize<bool>(bool&)
 .text._ZN7arduino7msgpack8Unpacker11deserializeINS_6StringEJEEEbRT_DpOT0_
                0x0000000000001474      0x174 /home/arduino/ArduinoApps/pinocchio_add_light/.cache/sketch/sketch/sketch.ino.cpp.o
                0x0000000000001474                bool arduino::msgpack::Unpacker::deserialize<arduino::String>(arduino::String&)
 .text._ZN7arduino7msgpack8Unpacker11deserializeINS0_6object8timespecEJEEEbRT_DpOT0_
                0x00000000000015e8       0xc4 /home/arduino/ArduinoApps/pinocchio_add_light/.cache/sketch/sketch/sketch.ino.cpp.o
                0x00000000000015e8                bool arduino::msgpack::Unpacker::deserialize<arduino::msgpack::object::timespec>(arduino::msgpack::object::timespec&)
 .text._ZNSt12_Vector_baseIjSaIjEED2Ev
                0x00000000000016ac       0x18 /home/arduino/ArduinoApps/pinocchio_add_light/.cache/sketch/sketch/sketch.ino.cpp.o
                0x00000000000016ac                std::_Vector_base<unsigned int, std::allocator<unsigned int> >::~_Vector_base()
                0x00000000000016ac                std::_Vector_base<unsigned int, std::allocator<unsigned int> >::~_Vector_base()
 .text._ZN10RPCRequestILj256EED2Ev
                0x00000000000016c4       0x2c /home/arduino/ArduinoApps/pinocchio_add_light/.cache/sketch/sketch/sketch.ino.cpp.o
                0x00000000000016c4                RPCRequest<256u>::~RPCRequest()
                0x00000000000016c4                RPCRequest<256u>::~RPCRequest()
 .text._ZNSt6vectorIjSaIjEE17_M_realloc_insertIJRjEEEvN9__gnu_cxx17__normal_iteratorIPjS1_EEDpOT_
                0x00000000000016f0       0xdc /home/arduino/ArduinoApps/pinocchio_add_light/.cache/sketch/sketch/sketch.ino.cpp.o
                0x00000000000016f0                void std::vector<unsigned int, std::allocator<unsigned int> >::_M_realloc_insert<unsigned int&>(__gnu_cxx::__normal_iterator<unsigned int*, std::vector<unsigned int, std::allocator<unsigned int> > >, unsigned int&)
 .text._ZN7arduino7msgpack8Unpacker4feedEPKhj
                0x00000000000017cc       0x78 /home/arduino/ArduinoApps/pinocchio_add_light/.cache/sketch/sketch/sketch.ino.cpp.o
                0x00000000000017cc                arduino::msgpack::Unpacker::feed(unsigned char const*, unsigned int)
 .text._ZN7RpcCallIJEE8setErrorEiN7arduino6StringE
                0x0000000000001844       0x40 /home/arduino/ArduinoApps/pinocchio_add_light/.cache/sketch/sketch/sketch.ino.cpp.o
                0x0000000000001844                RpcCall<>::setError(int, arduino::String)
 .text._ZN7RpcCallIJEE7isErrorEv
                0x0000000000001884       0x34 /home/arduino/ArduinoApps/pinocchio_add_light/.cache/sketch/sketch/sketch.ino.cpp.o
                0x0000000000001884                RpcCall<>::isError()
 .text._ZNKSt6vectorIhSaIhEE12_M_check_lenEjPKc
                0x00000000000018b8       0x38 /home/arduino/ArduinoApps/pinocchio_add_light/.cache/sketch/sketch/sketch.ino.cpp.o
                0x00000000000018b8                std::vector<unsigned char, std::allocator<unsigned char> >::_M_check_len(unsigned int, char const*) const
 .text._ZNSt6vectorIhSaIhEE12emplace_backIJhEEERhDpOT_.isra.0
                0x00000000000018f0       0x90 /home/arduino/ArduinoApps/pinocchio_add_light/.cache/sketch/sketch/sketch.ino.cpp.o
 .text._ZN7arduino7msgpack6Packer11packRawByteERKNS0_4TypeE.isra.0
                0x0000000000001980       0x18 /home/arduino/ArduinoApps/pinocchio_add_light/.cache/sketch/sketch/sketch.ino.cpp.o
 .text._ZN7arduino7msgpack6Packer7packNilEv
                0x0000000000001998       0x18 /home/arduino/ArduinoApps/pinocchio_add_light/.cache/sketch/sketch/sketch.ino.cpp.o
                0x0000000000001998                arduino::msgpack::Packer::packNil()
 .text._ZNSt6vectorIhSaIhEE12emplace_backIJRKhEEERhDpOT_.isra.0
                0x00000000000019b0       0x90 /home/arduino/ArduinoApps/pinocchio_add_light/.cache/sketch/sketch/sketch.ino.cpp.o
 .text._ZN7arduino7msgpack6Packer9packUInt8Eh
                0x0000000000001a40       0x2c /home/arduino/ArduinoApps/pinocchio_add_light/.cache/sketch/sketch/sketch.ino.cpp.o
                0x0000000000001a40                arduino::msgpack::Packer::packUInt8(unsigned char)
 .text._ZNSt6vectorIhSaIhEE12emplace_backIJRhEEES3_DpOT_.isra.0
                0x0000000000001a6c       0x90 /home/arduino/ArduinoApps/pinocchio_add_light/.cache/sketch/sketch/sketch.ino.cpp.o
 .text._ZN7arduino7msgpack6Packer15packRawReversedIjEEvRKT_
                0x0000000000001afc       0x1c /home/arduino/ArduinoApps/pinocchio_add_light/.cache/sketch/sketch/sketch.ino.cpp.o
                0x0000000000001afc                void arduino::msgpack::Packer::packRawReversed<unsigned int>(unsigned int const&)
 .text._ZN7arduino7msgpack6Packer10packUInt32Ej
                0x0000000000001b18       0x28 /home/arduino/ArduinoApps/pinocchio_add_light/.cache/sketch/sketch/sketch.ino.cpp.o
                0x0000000000001b18                arduino::msgpack::Packer::packUInt32(unsigned int)
 .text._ZN7arduino7msgpack6Packer15packRawReversedItEEvRKT_
                0x0000000000001b40       0x1c /home/arduino/ArduinoApps/pinocchio_add_light/.cache/sketch/sketch/sketch.ino.cpp.o
                0x0000000000001b40                void arduino::msgpack::Packer::packRawReversed<unsigned short>(unsigned short const&)
 .text._ZN7arduino7msgpack6Packer13packArraySizeEj
                0x0000000000001b5c       0x58 /home/arduino/ArduinoApps/pinocchio_add_light/.cache/sketch/sketch/sketch.ino.cpp.o
                0x0000000000001b5c                arduino::msgpack::Packer::packArraySize(unsigned int)
 .text._ZN7arduino7msgpack6Packer10packUInt16Et
                0x0000000000001bb4       0x2c /home/arduino/ArduinoApps/pinocchio_add_light/.cache/sketch/sketch/sketch.ino.cpp.o
                0x0000000000001bb4                arduino::msgpack::Packer::packUInt16(unsigned short)
 .text._ZN7arduino7msgpack6Packer11packIntegerIjEENSt9enable_ifIXaaaaaasrSt13is_arithmeticIT_E5valuesrSt11is_integralIS5_E5valuentsrSt7is_sameIS5_bE5valuentsrS9_INSt9remove_cvIS5_E4typeEPcE5valueEvE4typeERKS5_.isra.0
                0x0000000000001be0       0x50 /home/arduino/ArduinoApps/pinocchio_add_light/.cache/sketch/sketch/sketch.ino.cpp.o
 .text._ZN7arduino7msgpack6Packer11packIntegerIiEENSt9enable_ifIXaaaaaasrSt13is_arithmeticIT_E5valuesrSt11is_integralIS5_E5valuentsrSt7is_sameIS5_bE5valuentsrS9_INSt9remove_cvIS5_E4typeEPcE5valueEvE4typeERKS5_.isra.0
                0x0000000000001c30       0xb8 /home/arduino/ArduinoApps/pinocchio_add_light/.cache/sketch/sketch/sketch.ino.cpp.o
 .text._ZN7arduino7msgpack6Packer12packRawBytesEPKcj
                0x0000000000001ce8       0x9c /home/arduino/ArduinoApps/pinocchio_add_light/.cache/sketch/sketch/sketch.ino.cpp.o
                0x0000000000001ce8                arduino::msgpack::Packer::packRawBytes(char const*, unsigned int)
 .text._ZN7arduino7msgpack6Packer4packERKNS_6StringE
                0x0000000000001d84       0x7c /home/arduino/ArduinoApps/pinocchio_add_light/.cache/sketch/sketch/sketch.ino.cpp.o
                0x0000000000001d84                arduino::msgpack::Packer::pack(arduino::String const&)
 .text._ZN7arduino7msgpack6Packer9serializeI8RpcErrorJRNS0_6object5nil_tEEEENSt9enable_ifIXoooontsrSt10is_pointerIT_E5valuesrSt7is_sameIS9_PKcE5valuesrSB_IS9_PKNS_19__FlashStringHelperEE5valueEvE4typeERKS9_DpOT0_.constprop.0
                0x0000000000001e00       0x38 /home/arduino/ArduinoApps/pinocchio_add_light/.cache/sketch/sketch/sketch.ino.cpp.o
 .text._ZN18RpcFunctionWrapperISt8functionIFibEEEclERN7arduino7msgpack8UnpackerERNS5_6PackerE
                0x0000000000001e38      0x138 /home/arduino/ArduinoApps/pinocchio_add_light/.cache/sketch/sketch/sketch.ino.cpp.o
                0x0000000000001e38                RpcFunctionWrapper<std::function<int (bool)> >::operator()(arduino::msgpack::Unpacker&, arduino::msgpack::Packer&)
 .text._ZN18RpcFunctionWrapperISt8functionIFivEEEclERN7arduino7msgpack8UnpackerERNS5_6PackerE
                0x0000000000001f70       0xa4 /home/arduino/ArduinoApps/pinocchio_add_light/.cache/sketch/sketch/sketch.ino.cpp.o
                0x0000000000001f70                RpcFunctionWrapper<std::function<int ()> >::operator()(arduino::msgpack::Unpacker&, arduino::msgpack::Packer&)
 .text._ZN7arduino7msgpack8Unpacker9unpackIntIiEENSt9enable_ifIXaaaaaaaasrSt13is_arithmeticIT_E5valuesrSt11is_integralIS5_E5valuentsrSt7is_sameIS5_bE5valuentsrS9_INSt9remove_cvIS5_E4typeEPcE5valuesrSt9is_signedIS5_E5valueES5_E4typeEv
                0x0000000000002014       0xd0 /home/arduino/ArduinoApps/pinocchio_add_light/.cache/sketch/sketch/sketch.ino.cpp.o
                0x0000000000002014                std::enable_if<(((std::is_arithmetic<int>::value&&std::is_integral<int>::value)&&(!std::is_same<int, bool>::value))&&(!std::is_same<std::remove_cv<int>::type, char*>::value))&&std::is_signed<int>::value, int>::type arduino::msgpack::Unpacker::unpackInt<int>()
 .text._ZN7arduino7msgpack8Unpacker11deserializeIiJEEEbRT_DpOT0_
                0x00000000000020e4       0x40 /home/arduino/ArduinoApps/pinocchio_add_light/.cache/sketch/sketch/sketch.ino.cpp.o
                0x00000000000020e4                bool arduino::msgpack::Unpacker::deserialize<int>(int&)
 .text._ZN7arduino7msgpack8Unpacker11unpackFloatIfEENSt9enable_ifIXaasrSt13is_arithmeticIT_E5valuesrSt17is_floating_pointIS5_E5valueES5_E4typeEv
                0x0000000000002124      0x118 /home/arduino/ArduinoApps/pinocchio_add_light/.cache/sketch/sketch/sketch.ino.cpp.o
                0x0000000000002124                std::enable_if<std::is_arithmetic<float>::value&&std::is_floating_point<float>::value, float>::type arduino::msgpack::Unpacker::unpackFloat<float>()
 *fill*         0x000000000000223c        0x4 
 .text._ZN7arduino7msgpack8Unpacker11unpackFloatIdEENSt9enable_ifIXaasrSt13is_arithmeticIT_E5valuesrSt17is_floating_pointIS5_E5valueES5_E4typeEv
                0x0000000000002240      0x118 /home/arduino/ArduinoApps/pinocchio_add_light/.cache/sketch/sketch/sketch.ino.cpp.o
                0x0000000000002240                std::enable_if<std::is_arithmetic<double>::value&&std::is_floating_point<double>::value, double>::type arduino::msgpack::Unpacker::unpackFloat<double>()
 .text._ZN7arduino7msgpack8Unpacker12unpackBinaryIhEENSt9enable_ifIXoosrSt7is_sameIT_cE5valuesrS4_IS5_hE5valueESt6vectorINS3_IXoosrS7_5valuesrS6_5valueES5_E4typeESaIS5_EEE4typeEv
                0x0000000000002358      0x114 /home/arduino/ArduinoApps/pinocchio_add_light/.cache/sketch/sketch/sketch.ino.cpp.o
                0x0000000000002358                std::enable_if<std::is_same<unsigned char, char>::value||std::is_same<unsigned char, unsigned char>::value, std::vector<std::enable_if<std::is_same<unsigned char, unsigned char>::value||std::is_same<unsigned char, char>::value, unsigned char>::type, std::allocator<unsigned char> > >::type arduino::msgpack::Unpacker::unpackBinary<unsigned char>()
 .text._ZN7arduino7msgpack8Unpacker11deserializeINS0_4type9ArraySizeEJRiEEEbRT_DpOT0_
                0x000000000000246c       0x44 /home/arduino/ArduinoApps/pinocchio_add_light/.cache/sketch/sketch/sketch.ino.cpp.o
                0x000000000000246c                bool arduino::msgpack::Unpacker::deserialize<arduino::msgpack::type::ArraySize, int&>(arduino::msgpack::type::ArraySize&, int&)
 .text._ZNK10RpcDecoderILj1024EE4sendEPKhj
                0x00000000000024b0       0x22 /home/arduino/ArduinoApps/pinocchio_add_light/.cache/sketch/sketch/sketch.ino.cpp.o
                0x00000000000024b0                RpcDecoder<1024u>::send(unsigned char const*, unsigned int) const
 *fill*         0x00000000000024d2        0x2 
 .text._ZN9RPCClient8send_rpcIJEEEbRKN7arduino6StringERjDpOT_.isra.0
                0x00000000000024d4       0x8c /home/arduino/ArduinoApps/pinocchio_add_light/.cache/sketch/sketch/sketch.ino.cpp.o
 .text._ZN9RPCClient8send_rpcIJRKN7arduino6StringEEEEbS4_RjDpOT_.isra.0
                0x0000000000002560       0x90 /home/arduino/ArduinoApps/pinocchio_add_light/.cache/sketch/sketch/sketch.ino.cpp.o
 .text._ZN11BridgeClass6notifyIJiEEEvN7arduino6StringEDpOT_
                0x00000000000025f0       0xac /home/arduino/ArduinoApps/pinocchio_add_light/.cache/sketch/sketch/sketch.ino.cpp.o
                0x00000000000025f0                void BridgeClass::notify<int>(arduino::String, int&&)
 .text._ZNK9RPCServer13send_responseILj256EEEbRK10RPCRequestIXT_EE.isra.0
                0x000000000000269c       0x24 /home/arduino/ArduinoApps/pinocchio_add_light/.cache/sketch/sketch/sketch.ino.cpp.o
 .text._ZN7RpcCallIJRKN7arduino6StringEEE8setErrorEiS1_
                0x00000000000026c0       0x40 /home/arduino/ArduinoApps/pinocchio_add_light/.cache/sketch/sketch/sketch.ino.cpp.o
                0x00000000000026c0                RpcCall<arduino::String const&>::setError(int, arduino::String)
 .text._ZN7RpcCallIJRKN7arduino6StringEEEC2ES3_P9RPCClientP7k_mutexS8_S3_
                0x0000000000002700       0x80 /home/arduino/ArduinoApps/pinocchio_add_light/.cache/sketch/sketch/sketch.ino.cpp.o
                0x0000000000002700                RpcCall<arduino::String const&>::RpcCall(arduino::String const&, RPCClient*, k_mutex*, k_mutex*, arduino::String const&)
                0x0000000000002700                RpcCall<arduino::String const&>::RpcCall(arduino::String const&, RPCClient*, k_mutex*, k_mutex*, arduino::String const&)
 .text._ZN7RpcCallIJRKN7arduino6StringEEE7isErrorEv
                0x0000000000002780       0x34 /home/arduino/ArduinoApps/pinocchio_add_light/.cache/sketch/sketch/sketch.ino.cpp.o
                0x0000000000002780                RpcCall<arduino::String const&>::isError()
 .text._ZN10RpcDecoderILj1024EE7consumeEjj
                0x00000000000027b4       0x50 /home/arduino/ArduinoApps/pinocchio_add_light/.cache/sketch/sketch/sketch.ino.cpp.o
                0x00000000000027b4                RpcDecoder<1024u>::consume(unsigned int, unsigned int)
 .text._ZN10RpcDecoderILj1024EE7discardEv
                0x0000000000002804       0x2c /home/arduino/ArduinoApps/pinocchio_add_light/.cache/sketch/sketch/sketch.ino.cpp.o
                0x0000000000002804                RpcDecoder<1024u>::discard()
 .text._ZN7arduino7msgpack8Unpacker11deserializeI8RpcErrorJRNS0_6object5nil_tEEEEbRT_DpOT0_
                0x0000000000002830       0x90 /home/arduino/ArduinoApps/pinocchio_add_light/.cache/sketch/sketch/sketch.ino.cpp.o
                0x0000000000002830                bool arduino::msgpack::Unpacker::deserialize<RpcError, arduino::msgpack::object::nil_t&>(RpcError&, arduino::msgpack::object::nil_t&)
 .text._ZNK21RpcFunctionDispatcherILj100EE7isBoundERKN7arduino6StringE
                0x00000000000028c0       0x34 /home/arduino/ArduinoApps/pinocchio_add_light/.cache/sketch/sketch/sketch.ino.cpp.o
                0x00000000000028c0                RpcFunctionDispatcher<100u>::isBound(arduino::String const&) const
 .text._ZN7arduino7msgpack8Unpacker10unpackUIntIjEENSt9enable_ifIXaaaaaaaasrSt13is_arithmeticIT_E5valuesrSt11is_integralIS5_E5valuentsrSt7is_sameIS5_bE5valuentsrS9_INSt9remove_cvIS5_E4typeEPcE5valuentsrSt9is_signedIS5_E5valueES5_E4typeEv
                0x00000000000028f4       0x80 /home/arduino/ArduinoApps/pinocchio_add_light/.cache/sketch/sketch/sketch.ino.cpp.o
                0x00000000000028f4                std::enable_if<(((std::is_arithmetic<unsigned int>::value&&std::is_integral<unsigned int>::value)&&(!std::is_same<unsigned int, bool>::value))&&(!std::is_same<std::remove_cv<unsigned int>::type, char*>::value))&&(!std::is_signed<unsigned int>::value), unsigned int>::type arduino::msgpack::Unpacker::unpackUInt<unsigned int>()
 .text._ZN7arduino7msgpack8Unpacker11deserializeIjJRNS_6StringEEEEbRT_DpOT0_
                0x0000000000002974       0x44 /home/arduino/ArduinoApps/pinocchio_add_light/.cache/sketch/sketch/sketch.ino.cpp.o
                0x0000000000002974                bool arduino::msgpack::Unpacker::deserialize<unsigned int, arduino::String&>(unsigned int&, arduino::String&)
 .text._ZN10RpcDecoderILj1024EE16fetch_rpc_methodEv
                0x00000000000029b8       0xe8 /home/arduino/ArduinoApps/pinocchio_add_light/.cache/sketch/sketch/sketch.ino.cpp.o
                0x00000000000029b8                RpcDecoder<1024u>::fetch_rpc_method()
 .text._ZN10RPCRequestILj256EE22unpack_request_headersEv
                0x0000000000002aa0       0xb8 /home/arduino/ArduinoApps/pinocchio_add_light/.cache/sketch/sketch/sketch.ino.cpp.o
                0x0000000000002aa0                RPCRequest<256u>::unpack_request_headers()
 .text._ZN9RPCServer15process_requestILj256EEEvR10RPCRequestIXT_EE
                0x0000000000002b58      0x114 /home/arduino/ArduinoApps/pinocchio_add_light/.cache/sketch/sketch/sketch.ino.cpp.o
                0x0000000000002b58                void RPCServer::process_request<256u>(RPCRequest<256u>&)
 .text._ZN7arduino7msgpack8Unpacker11deserializeINS0_4type9ArraySizeEJRiRjEEEbRT_DpOT0_
                0x0000000000002c6c       0xa0 /home/arduino/ArduinoApps/pinocchio_add_light/.cache/sketch/sketch/sketch.ino.cpp.o
                0x0000000000002c6c                bool arduino::msgpack::Unpacker::deserialize<arduino::msgpack::type::ArraySize, int&, unsigned int&>(arduino::msgpack::type::ArraySize&, int&, unsigned int&)
 .text._ZN10RpcDecoderILj1024EE12get_responseIbEEbjRT_R8RpcError
                0x0000000000002d0c      0x17c /home/arduino/ArduinoApps/pinocchio_add_light/.cache/sketch/sketch/sketch.ino.cpp.o
                0x0000000000002d0c                bool RpcDecoder<1024u>::get_response<bool>(unsigned int, bool&, RpcError&)
 .text._ZN10RpcDecoderILj1024EE12get_responseIN7arduino7msgpack6object5nil_tEEEbjRT_R8RpcError
                0x0000000000002e88      0x17c /home/arduino/ArduinoApps/pinocchio_add_light/.cache/sketch/sketch/sketch.ino.cpp.o
                0x0000000000002e88                bool RpcDecoder<1024u>::get_response<arduino::msgpack::object::nil_t>(unsigned int, arduino::msgpack::object::nil_t&, RpcError&)
 .text._ZNSt14_Function_baseC2Ev
                0x0000000000003004        0xa /home/arduino/ArduinoApps/pinocchio_add_light/.cache/sketch/sketch/sketch.ino.cpp.o
                0x0000000000003004                std::_Function_base::_Function_base()
                0x0000000000003004                std::_Function_base::_Function_base()
 *fill*         0x000000000000300e        0x2 
 .text._Z4wrapIRFivESt8functionIS0_EEP18RpcFunctionWrapperIT0_EOT_
                0x0000000000003010       0x80 /home/arduino/ArduinoApps/pinocchio_add_light/.cache/sketch/sketch/sketch.ino.cpp.o
                0x0000000000003010                RpcFunctionWrapper<std::function<int ()> >* wrap<int (&)(), std::function<int ()> >(int (&)())
 .text._Z4wrapIRFibESt8functionIS0_EEP18RpcFunctionWrapperIT0_EOT_
                0x0000000000003090       0x80 /home/arduino/ArduinoApps/pinocchio_add_light/.cache/sketch/sketch/sketch.ino.cpp.o
                0x0000000000003090                RpcFunctionWrapper<std::function<int (bool)> >* wrap<int (&)(bool), std::function<int (bool)> >(int (&)(bool))
 .text._Z4wrapIRFiiiiESt8functionIS0_EEP18RpcFunctionWrapperIT0_EOT_
                0x0000000000003110       0x80 /home/arduino/ArduinoApps/pinocchio_add_light/.cache/sketch/sketch/sketch.ino.cpp.o
                0x0000000000003110                RpcFunctionWrapper<std::function<int (int, int, int)> >* wrap<int (&)(int, int, int), std::function<int (int, int, int)> >(int (&)(int, int, int))
 .text._Z4wrapIRFiiiiiESt8functionIS0_EEP18RpcFunctionWrapperIT0_EOT_
                0x0000000000003190       0x80 /home/arduino/ArduinoApps/pinocchio_add_light/.cache/sketch/sketch/sketch.ino.cpp.o
                0x0000000000003190                RpcFunctionWrapper<std::function<int (int, int, int, int)> >* wrap<int (&)(int, int, int, int), std::function<int (int, int, int, int)> >(int (&)(int, int, int, int))
 .text._Z4wrapIRFiiESt8functionIS0_EEP18RpcFunctionWrapperIT0_EOT_
                0x0000000000003210       0x80 /home/arduino/ArduinoApps/pinocchio_add_light/.cache/sketch/sketch/sketch.ino.cpp.o
                0x0000000000003210                RpcFunctionWrapper<std::function<int (int)> >* wrap<int (&)(int), std::function<int (int)> >(int (&)(int))
 .text._ZNSt11__copy_moveILb0ELb1ESt26random_access_iterator_tagE8__copy_mIhEEPT_PKS3_S6_S4_
                0x0000000000003290       0x1c /home/arduino/ArduinoApps/pinocchio_add_light/.cache/sketch/sketch/sketch.ino.cpp.o
                0x0000000000003290                unsigned char* std::__copy_move<false, true, std::random_access_iterator_tag>::__copy_m<unsigned char>(unsigned char const*, unsigned char const*, unsigned char*)
 .text._ZNSt11__copy_moveILb1ELb1ESt26random_access_iterator_tagE8__copy_mIhEEPT_PKS3_S6_S4_
                0x00000000000032ac       0x1c /home/arduino/ArduinoApps/pinocchio_add_light/.cache/sketch/sketch/sketch.ino.cpp.o
                0x00000000000032ac                unsigned char* std::__copy_move<true, true, std::random_access_iterator_tag>::__copy_m<unsigned char>(unsigned char const*, unsigned char const*, unsigned char*)
 .text._ZN7arduino7msgpack6object3extC2EaPKhj
                0x00000000000032c8      0x104 /home/arduino/ArduinoApps/pinocchio_add_light/.cache/sketch/sketch/sketch.ino.cpp.o
                0x00000000000032c8                arduino::msgpack::object::ext::ext(signed char, unsigned char const*, unsigned int)
                0x00000000000032c8                arduino::msgpack::object::ext::ext(signed char, unsigned char const*, unsigned int)
 .text._ZN7arduino7msgpack8Unpacker9unpackExtEv
                0x00000000000033cc      0x178 /home/arduino/ArduinoApps/pinocchio_add_light/.cache/sketch/sketch/sketch.ino.cpp.o
                0x00000000000033cc                arduino::msgpack::Unpacker::unpackExt()
 .text._ZN8RpcUtils6detail12unpackObjectERN7arduino7msgpack8UnpackerE
                0x0000000000003544      0x29c /home/arduino/ArduinoApps/pinocchio_add_light/.cache/sketch/sketch/sketch.ino.cpp.o
                0x0000000000003544                RpcUtils::detail::unpackObject(arduino::msgpack::Unpacker&)
 .text._ZN10RpcDecoderILj1024EE12parse_packetEv
                0x00000000000037e0      0x13c /home/arduino/ArduinoApps/pinocchio_add_light/.cache/sketch/sketch/sketch.ino.cpp.o
                0x00000000000037e0                RpcDecoder<1024u>::parse_packet()
 .text._ZN10RpcDecoderILj1024EE6decodeEv
                0x000000000000391c       0x40 /home/arduino/ArduinoApps/pinocchio_add_light/.cache/sketch/sketch/sketch.ino.cpp.o
                0x000000000000391c                RpcDecoder<1024u>::decode()
 .text._ZN9RPCServer7get_rpcILj256EEEbR10RPCRequestIXT_EEN7arduino6StringE
                0x000000000000395c       0xd0 /home/arduino/ArduinoApps/pinocchio_add_light/.cache/sketch/sketch/sketch.ino.cpp.o
                0x000000000000395c                bool RPCServer::get_rpc<256u>(RPCRequest<256u>&, arduino::String)
 .text._ZN11BridgeClass11update_safeEv
                0x0000000000003a2c       0xb0 /home/arduino/ArduinoApps/pinocchio_add_light/.cache/sketch/sketch/sketch.ino.cpp.o
                0x0000000000003a2c                BridgeClass::update_safe()
 .text._Z10__loopHookv
                0x0000000000003adc       0x28 /home/arduino/ArduinoApps/pinocchio_add_light/.cache/sketch/sketch/sketch.ino.cpp.o
                0x0000000000003adc                __loopHook()
 .text._ZN11BridgeClass6updateEv
                0x0000000000003b04       0xb0 /home/arduino/ArduinoApps/pinocchio_add_light/.cache/sketch/sketch/sketch.ino.cpp.o
                0x0000000000003b04                BridgeClass::update()
 .text._Z16updateEntryPointPvS_S_
                0x0000000000003bb4       0x28 /home/arduino/ArduinoApps/pinocchio_add_light/.cache/sketch/sketch/sketch.ino.cpp.o
                0x0000000000003bb4                updateEntryPoint(void*, void*, void*)
 .text._ZN9RPCClient12get_responseIbEEbjRT_R8RpcError
                0x0000000000003bdc       0x40 /home/arduino/ArduinoApps/pinocchio_add_light/.cache/sketch/sketch/sketch.ino.cpp.o
                0x0000000000003bdc                bool RPCClient::get_response<bool>(unsigned int, bool&, RpcError&)
 .text._ZN7RpcCallIJEE6resultIbEEbRT_
                0x0000000000003c1c      0x114 /home/arduino/ArduinoApps/pinocchio_add_light/.cache/sketch/sketch/sketch.ino.cpp.o
                0x0000000000003c1c                bool RpcCall<>::result<bool>(bool&)
 .text._ZN7RpcCallIJRKN7arduino6StringEEE6resultIbEEbRT_
                0x0000000000003d30      0x118 /home/arduino/ArduinoApps/pinocchio_add_light/.cache/sketch/sketch/sketch.ino.cpp.o
                0x0000000000003d30                bool RpcCall<arduino::String const&>::result<bool>(bool&)
 .text._ZN9RPCClient12get_responseIN7arduino7msgpack6object5nil_tEEEbjRT_R8RpcError
                0x0000000000003e48       0x40 /home/arduino/ArduinoApps/pinocchio_add_light/.cache/sketch/sketch/sketch.ino.cpp.o
                0x0000000000003e48                bool RPCClient::get_response<arduino::msgpack::object::nil_t>(unsigned int, arduino::msgpack::object::nil_t&, RpcError&)
 .text._ZN7RpcCallIJRKN7arduino6StringEEED2Ev
                0x0000000000003e88      0x118 /home/arduino/ArduinoApps/pinocchio_add_light/.cache/sketch/sketch/sketch.ino.cpp.o
                0x0000000000003e88                RpcCall<arduino::String const&>::~RpcCall()
                0x0000000000003e88                RpcCall<arduino::String const&>::~RpcCall()
 .text._ZN11BridgeClass7provideIRFiiEEEbRKN7arduino6StringEOT_.isra.0
                0x0000000000003fa0      0x10c /home/arduino/ArduinoApps/pinocchio_add_light/.cache/sketch/sketch/sketch.ino.cpp.o
 .text._ZN11BridgeClass7provideIRFiiiiEEEbRKN7arduino6StringEOT_.isra.0
                0x00000000000040ac      0x10c /home/arduino/ArduinoApps/pinocchio_add_light/.cache/sketch/sketch/sketch.ino.cpp.o
 .text._ZN11BridgeClass7provideIRFivEEEbRKN7arduino6StringEOT_.isra.0
                0x00000000000041b8      0x10c /home/arduino/ArduinoApps/pinocchio_add_light/.cache/sketch/sketch/sketch.ino.cpp.o
 .text._ZN7RpcCallIJEED2Ev
                0x00000000000042c4      0x114 /home/arduino/ArduinoApps/pinocchio_add_light/.cache/sketch/sketch/sketch.ino.cpp.o
                0x00000000000042c4                RpcCall<>::~RpcCall()
                0x00000000000042c4                RpcCall<>::~RpcCall()
 .text._ZN8RpcUtils6detail9unpackMapERN7arduino7msgpack8UnpackerERj
                0x00000000000043d8       0x80 /home/arduino/ArduinoApps/pinocchio_add_light/.cache/sketch/sketch/sketch.ino.cpp.o
                0x00000000000043d8                RpcUtils::detail::unpackMap(arduino::msgpack::Unpacker&, unsigned int&)
 .text._ZN8RpcUtils6detail18deserialize_singleIiEEiRN7arduino7msgpack8UnpackerERT_
                0x0000000000004458       0x44 /home/arduino/ArduinoApps/pinocchio_add_light/.cache/sketch/sketch/sketch.ino.cpp.o
                0x0000000000004458                int RpcUtils::detail::deserialize_single<int>(arduino::msgpack::Unpacker&, int&)
 .text._ZN18RpcFunctionWrapperISt8functionIFiiEEEclERN7arduino7msgpack8UnpackerERNS5_6PackerE
                0x000000000000449c      0x12c /home/arduino/ArduinoApps/pinocchio_add_light/.cache/sketch/sketch/sketch.ino.cpp.o
                0x000000000000449c                RpcFunctionWrapper<std::function<int (int)> >::operator()(arduino::msgpack::Unpacker&, arduino::msgpack::Packer&)
 .text._ZN18RpcFunctionWrapperISt8functionIFiiiiEEE11handle_callIiEENSt9enable_ifIXntsrSt7is_voidIT_E5valueEiE4typeERN7arduino7msgpack8UnpackerERNSC_6PackerE
                0x00000000000045c8       0x8c /home/arduino/ArduinoApps/pinocchio_add_light/.cache/sketch/sketch/sketch.ino.cpp.o
                0x00000000000045c8                std::enable_if<!std::is_void<int>::value, int>::type RpcFunctionWrapper<std::function<int (int, int, int)> >::handle_call<int>(arduino::msgpack::Unpacker&, arduino::msgpack::Packer&)
 .text._ZN18RpcFunctionWrapperISt8functionIFiiiiEEEclERN7arduino7msgpack8UnpackerERNS5_6PackerE
                0x0000000000004654       0xf0 /home/arduino/ArduinoApps/pinocchio_add_light/.cache/sketch/sketch/sketch.ino.cpp.o
                0x0000000000004654                RpcFunctionWrapper<std::function<int (int, int, int)> >::operator()(arduino::msgpack::Unpacker&, arduino::msgpack::Packer&)
 .text._ZN18RpcFunctionWrapperISt8functionIFiiiiiEEE11handle_callIiEENSt9enable_ifIXntsrSt7is_voidIT_E5valueEiE4typeERN7arduino7msgpack8UnpackerERNSC_6PackerE
                0x0000000000004744       0xa4 /home/arduino/ArduinoApps/pinocchio_add_light/.cache/sketch/sketch/sketch.ino.cpp.o
                0x0000000000004744                std::enable_if<!std::is_void<int>::value, int>::type RpcFunctionWrapper<std::function<int (int, int, int, int)> >::handle_call<int>(arduino::msgpack::Unpacker&, arduino::msgpack::Packer&)
 .text._ZN18RpcFunctionWrapperISt8functionIFiiiiiEEEclERN7arduino7msgpack8UnpackerERNS5_6PackerE
                0x00000000000047e8       0xf0 /home/arduino/ArduinoApps/pinocchio_add_light/.cache/sketch/sketch/sketch.ino.cpp.o
                0x00000000000047e8                RpcFunctionWrapper<std::function<int (int, int, int, int)> >::operator()(arduino::msgpack::Unpacker&, arduino::msgpack::Packer&)
 .text._GLOBAL__sub_I_servos
                0x00000000000048d8       0x2c /home/arduino/ArduinoApps/pinocchio_add_light/.cache/sketch/sketch/sketch.ino.cpp.o
 .text._GLOBAL__sub_D_servos
                0x0000000000004904       0x20 /home/arduino/ArduinoApps/pinocchio_add_light/.cache/sketch/sketch/sketch.ino.cpp.o
 .text._Z9pcaWrite8hh
                0x0000000000004924       0x38 /home/arduino/ArduinoApps/pinocchio_add_light/.cache/sketch/sketch/sketch.ino.cpp.o
                0x0000000000004924                pcaWrite8(unsigned char, unsigned char)
 .text._Z8pcaBeginv
                0x000000000000495c       0x2c /home/arduino/ArduinoApps/pinocchio_add_light/.cache/sketch/sketch/sketch.ino.cpp.o
                0x000000000000495c                pcaBegin()
 .text._Z6pcaSethtt
                0x0000000000004988       0x5c /home/arduino/ArduinoApps/pinocchio_add_light/.cache/sketch/sketch/sketch.ino.cpp.o
                0x0000000000004988                pcaSet(unsigned char, unsigned short, unsigned short)
 .text._Z11stopOutputsv
                0x00000000000049e4       0x58 /home/arduino/ArduinoApps/pinocchio_add_light/.cache/sketch/sketch/sketch.ino.cpp.o
                0x00000000000049e4                stopOutputs()
 .text._Z7stopAllv
                0x0000000000004a3c       0x20 /home/arduino/ArduinoApps/pinocchio_add_light/.cache/sketch/sketch/sketch.ino.cpp.o
                0x0000000000004a3c                stopAll()
 .text._Z9armSystemb
                0x0000000000004a5c       0x90 /home/arduino/ArduinoApps/pinocchio_add_light/.cache/sketch/sketch/sketch.ino.cpp.o
                0x0000000000004a5c                armSystem(bool)
 .text._Z12updateServosj
                0x0000000000004aec       0x90 /home/arduino/ArduinoApps/pinocchio_add_light/.cache/sketch/sketch/sketch.ino.cpp.o
                0x0000000000004aec                updateServos(unsigned int)
 .text.loop     0x0000000000004b7c       0x88 /home/arduino/ArduinoApps/pinocchio_add_light/.cache/sketch/sketch/sketch.ino.cpp.o
                0x0000000000004b7c                loop
 .text.setup    0x0000000000004c04      0x654 /home/arduino/ArduinoApps/pinocchio_add_light/.cache/sketch/sketch/sketch.ino.cpp.o
                0x0000000000004c04                setup
 .text._ZN7arduino5Print17availableForWriteEv
                0x0000000000005258        0x4 /home/arduino/ArduinoApps/pinocchio_add_light/.cache/sketch/libraries/Wire/Wire.cpp.o
                0x0000000000005258                arduino::Print::availableForWrite()
 .text._ZN7arduino9ZephyrI2C15endTransmissionEv
                0x000000000000525c        0x8 /home/arduino/ArduinoApps/pinocchio_add_light/.cache/sketch/libraries/Wire/Wire.cpp.o
                0x000000000000525c                arduino::ZephyrI2C::endTransmission()
 .text._ZN7arduino9ZephyrI2C11requestFromEhj
                0x0000000000005264       0x10 /home/arduino/ArduinoApps/pinocchio_add_light/.cache/sketch/libraries/Wire/Wire.cpp.o
                0x0000000000005264                arduino::ZephyrI2C::requestFrom(unsigned char, unsigned int)
 .text._ZN7arduino9ZephyrI2C9availableEv
                0x0000000000005274        0xe /home/arduino/ArduinoApps/pinocchio_add_light/.cache/sketch/libraries/Wire/Wire.cpp.o
                0x0000000000005274                arduino::ZephyrI2C::available()
 .text._ZN7arduino9ZephyrI2C5flushEv
                0x0000000000005282        0x2 /home/arduino/ArduinoApps/pinocchio_add_light/.cache/sketch/libraries/Wire/Wire.cpp.o
                0x0000000000005282                arduino::ZephyrI2C::flush()
 .text._ZN7arduino9ZephyrI2C9onReceiveEPFviE
                0x0000000000005284        0x6 /home/arduino/ArduinoApps/pinocchio_add_light/.cache/sketch/libraries/Wire/Wire.cpp.o
                0x0000000000005284                arduino::ZephyrI2C::onReceive(void (*)(int))
 .text._ZN7arduino9ZephyrI2C9onRequestEPFvvE
                0x000000000000528a        0x6 /home/arduino/ArduinoApps/pinocchio_add_light/.cache/sketch/libraries/Wire/Wire.cpp.o
                0x000000000000528a                arduino::ZephyrI2C::onRequest(void (*)())
 .text._ZN7arduino9ZephyrI2C5beginEv
                0x0000000000005290        0xc /home/arduino/ArduinoApps/pinocchio_add_light/.cache/sketch/libraries/Wire/Wire.cpp.o
                0x0000000000005290                arduino::ZephyrI2C::begin()
 .text._ZN7arduino9ZephyrI2C5writeEh
                0x000000000000529c       0x1c /home/arduino/ArduinoApps/pinocchio_add_light/.cache/sketch/libraries/Wire/Wire.cpp.o
                0x000000000000529c                arduino::ZephyrI2C::write(unsigned char)
 .text._ZN7arduino9ZephyrI2C5writeEPKhj
                0x00000000000052b8        0xc /home/arduino/ArduinoApps/pinocchio_add_light/.cache/sketch/libraries/Wire/Wire.cpp.o
                0x00000000000052b8                arduino::ZephyrI2C::write(unsigned char const*, unsigned int)
 .text._ZN7arduino9ZephyrI2C4readEv
                0x00000000000052c4       0x28 /home/arduino/ArduinoApps/pinocchio_add_light/.cache/sketch/libraries/Wire/Wire.cpp.o
                0x00000000000052c4                arduino::ZephyrI2C::read()
 .text._ZL28i2c_target_read_processed_cbP17i2c_target_configPh
                0x00000000000052ec       0x18 /home/arduino/ArduinoApps/pinocchio_add_light/.cache/sketch/libraries/Wire/Wire.cpp.o
 .text._ZN7arduino9ZephyrI2C4peekEv
                0x0000000000005304       0x28 /home/arduino/ArduinoApps/pinocchio_add_light/.cache/sketch/libraries/Wire/Wire.cpp.o
                0x0000000000005304                arduino::ZephyrI2C::peek()
 .text._ZN7arduino9ZephyrI2C5beginEh
                0x000000000000532c       0x2c /home/arduino/ArduinoApps/pinocchio_add_light/.cache/sketch/libraries/Wire/Wire.cpp.o
                0x000000000000532c                arduino::ZephyrI2C::begin(unsigned char)
 .text._ZN7arduino9ZephyrI2C8setClockEj
                0x0000000000005358       0x3c /home/arduino/ArduinoApps/pinocchio_add_light/.cache/sketch/libraries/Wire/Wire.cpp.o
                0x0000000000005358                arduino::ZephyrI2C::setClock(unsigned int)
 .text._ZN7arduino9ZephyrI2C11requestFromEhjb
                0x0000000000005394       0x88 /home/arduino/ArduinoApps/pinocchio_add_light/.cache/sketch/libraries/Wire/Wire.cpp.o
                0x0000000000005394                arduino::ZephyrI2C::requestFrom(unsigned char, unsigned int, bool)
 .text._ZN7arduino9ZephyrI2C3endEv
                0x000000000000541c       0x34 /home/arduino/ArduinoApps/pinocchio_add_light/.cache/sketch/libraries/Wire/Wire.cpp.o
                0x000000000000541c                arduino::ZephyrI2C::end()
 .text._ZN7arduino9ZephyrI2C15endTransmissionEb
                0x0000000000005450       0x74 /home/arduino/ArduinoApps/pinocchio_add_light/.cache/sketch/libraries/Wire/Wire.cpp.o
                0x0000000000005450                arduino::ZephyrI2C::endTransmission(bool)
 .text._ZL29i2c_target_write_requested_cbP17i2c_target_config
                0x00000000000054c4        0xe /home/arduino/ArduinoApps/pinocchio_add_light/.cache/sketch/libraries/Wire/Wire.cpp.o
 .text._ZN7arduino9ZephyrI2C17beginTransmissionEh
                0x00000000000054d2       0x14 /home/arduino/ArduinoApps/pinocchio_add_light/.cache/sketch/libraries/Wire/Wire.cpp.o
                0x00000000000054d2                arduino::ZephyrI2C::beginTransmission(unsigned char)
 *fill*         0x00000000000054e6        0x2 
 .text._ZN7arduino9ZephyrI2CC2EPK6device
                0x00000000000054e8       0x4c /home/arduino/ArduinoApps/pinocchio_add_light/.cache/sketch/libraries/Wire/Wire.cpp.o
                0x00000000000054e8                arduino::ZephyrI2C::ZephyrI2C(device const*)
                0x00000000000054e8                arduino::ZephyrI2C::ZephyrI2C(device const*)
 .text._ZN7arduino9ZephyrI2C21writeReceivedCallbackEP17i2c_target_configh
                0x0000000000005534       0x44 /home/arduino/ArduinoApps/pinocchio_add_light/.cache/sketch/libraries/Wire/Wire.cpp.o
                0x0000000000005534                arduino::ZephyrI2C::writeReceivedCallback(i2c_target_config*, unsigned char)
 .text._ZL28i2c_target_write_received_cbP17i2c_target_configh
                0x0000000000005578       0x10 /home/arduino/ArduinoApps/pinocchio_add_light/.cache/sketch/libraries/Wire/Wire.cpp.o
 .text._ZN7arduino9ZephyrI2C21readRequestedCallbackEP17i2c_target_configPh
                0x0000000000005588       0x30 /home/arduino/ArduinoApps/pinocchio_add_light/.cache/sketch/libraries/Wire/Wire.cpp.o
                0x0000000000005588                arduino::ZephyrI2C::readRequestedCallback(i2c_target_config*, unsigned char*)
 .text._ZL28i2c_target_read_requested_cbP17i2c_target_configPh
                0x00000000000055b8       0x10 /home/arduino/ArduinoApps/pinocchio_add_light/.cache/sketch/libraries/Wire/Wire.cpp.o
 .text._ZN7arduino9ZephyrI2C12stopCallbackEP17i2c_target_config
                0x00000000000055c8       0x1c /home/arduino/ArduinoApps/pinocchio_add_light/.cache/sketch/libraries/Wire/Wire.cpp.o
                0x00000000000055c8                arduino::ZephyrI2C::stopCallback(i2c_target_config*)
 .text._ZL18i2c_target_stop_cbP17i2c_target_config
                0x00000000000055e4        0xc /home/arduino/ArduinoApps/pinocchio_add_light/.cache/sketch/libraries/Wire/Wire.cpp.o
 .text._GLOBAL__sub_I__ZN7arduino9ZephyrI2CC2EPK6device
                0x00000000000055f0       0x60 /home/arduino/ArduinoApps/pinocchio_add_light/.cache/sketch/libraries/Wire/Wire.cpp.o
 .text._GLOBAL__sub_D__ZN7arduino9ZephyrI2CC2EPK6device
                0x0000000000005650       0x20 /home/arduino/ArduinoApps/pinocchio_add_light/.cache/sketch/libraries/Wire/Wire.cpp.o
 .text._ZN7arduino5Print5flushEv
                0x0000000000005670        0x2 /home/arduino/ArduinoApps/pinocchio_add_light/.cache/sketch/libraries/Arduino_RouterBridge/singletons.cpp.o
                0x0000000000005670                arduino::Print::flush()
 .text._ZN13BridgeMonitorILj512EE5writeEh
                0x0000000000005672       0x18 /home/arduino/ArduinoApps/pinocchio_add_light/.cache/sketch/libraries/Arduino_RouterBridge/singletons.cpp.o
                0x0000000000005672                BridgeMonitor<512u>::write(unsigned char)
 *fill*         0x000000000000568a        0x2 
 .text.k_yield  0x000000000000568c        0x8 /home/arduino/ArduinoApps/pinocchio_add_light/.cache/sketch/libraries/Arduino_RouterBridge/singletons.cpp.o
 .text.k_mutex_lock
                0x0000000000005694        0x8 /home/arduino/ArduinoApps/pinocchio_add_light/.cache/sketch/libraries/Arduino_RouterBridge/singletons.cpp.o
 .text._ZSt14__relocate_a_1IhhENSt9enable_ifIXsrSt24__is_bitwise_relocatableIT_vE5valueEPS2_E4typeES4_S4_S4_RSaIT0_E.isra.0
                0x000000000000569c       0x20 /home/arduino/ArduinoApps/pinocchio_add_light/.cache/sketch/libraries/Arduino_RouterBridge/singletons.cpp.o
 .text._ZNSt12_Vector_baseIhSaIhEE11_M_allocateEj.isra.0
                0x00000000000056bc       0x20 /home/arduino/ArduinoApps/pinocchio_add_light/.cache/sketch/libraries/Arduino_RouterBridge/singletons.cpp.o
 .text.k_mutex_unlock.isra.0
                0x00000000000056dc        0x8 /home/arduino/ArduinoApps/pinocchio_add_light/.cache/sketch/libraries/Arduino_RouterBridge/singletons.cpp.o
 .text._ZN7RpcCallIJEE7isErrorEv.isra.0
                0x00000000000056e4       0x28 /home/arduino/ArduinoApps/pinocchio_add_light/.cache/sketch/libraries/Arduino_RouterBridge/singletons.cpp.o
 .text._ZN7RpcCallIJRN7arduino6StringEEE7isErrorEv.isra.0
                0x000000000000570c       0x28 /home/arduino/ArduinoApps/pinocchio_add_light/.cache/sketch/libraries/Arduino_RouterBridge/singletons.cpp.o
 .text._ZN13BridgeMonitorILj512EE4readEv
                0x0000000000005734       0x68 /home/arduino/ArduinoApps/pinocchio_add_light/.cache/sketch/libraries/Arduino_RouterBridge/singletons.cpp.o
                0x0000000000005734                BridgeMonitor<512u>::read()
 .text._ZN13BridgeMonitorILj512EE4peekEv
                0x000000000000579c       0x44 /home/arduino/ArduinoApps/pinocchio_add_light/.cache/sketch/libraries/Arduino_RouterBridge/singletons.cpp.o
                0x000000000000579c                BridgeMonitor<512u>::peek()
 .text.k_msleep.constprop.0.isra.0
                0x00000000000057e0        0xc /home/arduino/ArduinoApps/pinocchio_add_light/.cache/sketch/libraries/Arduino_RouterBridge/singletons.cpp.o
 .text._ZNSt6vectorIhSaIhEE14_M_move_assignEOS1_St17integral_constantIbLb1EE.isra.0
                0x00000000000057ec       0x34 /home/arduino/ArduinoApps/pinocchio_add_light/.cache/sketch/libraries/Arduino_RouterBridge/singletons.cpp.o
 .text._ZNSt6vectorIhSaIhEE12emplace_backIJRKhEEERhDpOT_.isra.0
                0x0000000000005820       0x90 /home/arduino/ArduinoApps/pinocchio_add_light/.cache/sketch/libraries/Arduino_RouterBridge/singletons.cpp.o
 .text._ZNSt6vectorIhSaIhEE12emplace_backIJhEEERhDpOT_.isra.0
                0x00000000000058b0       0x90 /home/arduino/ArduinoApps/pinocchio_add_light/.cache/sketch/libraries/Arduino_RouterBridge/singletons.cpp.o
 .text._ZN7arduino7msgpack8Unpacker11deserializeISt6vectorIhSaIhEEJEEEbRT_DpOT0_
                0x0000000000005940      0x13c /home/arduino/ArduinoApps/pinocchio_add_light/.cache/sketch/libraries/Arduino_RouterBridge/singletons.cpp.o
                0x0000000000005940                bool arduino::msgpack::Unpacker::deserialize<std::vector<unsigned char, std::allocator<unsigned char> >>(std::vector<unsigned char, std::allocator<unsigned char> >&)
 .text._ZN7arduino7msgpack6Packer11packRawByteERKNS0_4TypeE.isra.0
                0x0000000000005a7c       0x18 /home/arduino/ArduinoApps/pinocchio_add_light/.cache/sketch/libraries/Arduino_RouterBridge/singletons.cpp.o
 .text._ZNSt6vectorIhSaIhEE12emplace_backIJRhEEES3_DpOT_.isra.0
                0x0000000000005a94       0x90 /home/arduino/ArduinoApps/pinocchio_add_light/.cache/sketch/libraries/Arduino_RouterBridge/singletons.cpp.o
 .text._ZN7arduino7msgpack6Packer11packIntegerIjEENSt9enable_ifIXaaaaaasrSt13is_arithmeticIT_E5valuesrSt11is_integralIS5_E5valuentsrSt7is_sameIS5_bE5valuentsrS9_INSt9remove_cvIS5_E4typeEPcE5valueEvE4typeERKS5_.isra.0
                0x0000000000005b24       0x50 /home/arduino/ArduinoApps/pinocchio_add_light/.cache/sketch/libraries/Arduino_RouterBridge/singletons.cpp.o
 .text._ZN7arduino7msgpack6Packer11packIntegerIiEENSt9enable_ifIXaaaaaasrSt13is_arithmeticIT_E5valuesrSt11is_integralIS5_E5valuentsrSt7is_sameIS5_bE5valuentsrS9_INSt9remove_cvIS5_E4typeEPcE5valueEvE4typeERKS5_.isra.0
                0x0000000000005b74       0xb8 /home/arduino/ArduinoApps/pinocchio_add_light/.cache/sketch/libraries/Arduino_RouterBridge/singletons.cpp.o
 .text._ZN7arduino7msgpack6Packer9serializeIJRKiRjRKNS_6StringEEEEvRKNS0_4type9ArraySizeEDpOT_.isra.0
                0x0000000000005c2c       0x38 /home/arduino/ArduinoApps/pinocchio_add_light/.cache/sketch/libraries/Arduino_RouterBridge/singletons.cpp.o
 .text._ZN9RPCClient8send_rpcIJEEEbRKN7arduino6StringERjDpOT_.isra.0
                0x0000000000005c64       0x74 /home/arduino/ArduinoApps/pinocchio_add_light/.cache/sketch/libraries/Arduino_RouterBridge/singletons.cpp.o
 .text._ZN9RPCClient8send_rpcIJRKN7arduino6StringEEEEbS4_RjDpOT_.isra.0
                0x0000000000005cd8       0x84 /home/arduino/ArduinoApps/pinocchio_add_light/.cache/sketch/libraries/Arduino_RouterBridge/singletons.cpp.o
 .text._ZN9RPCClient8send_rpcIJRKjEEEbRKN7arduino6StringERjDpOT_.isra.0
                0x0000000000005d5c       0x84 /home/arduino/ArduinoApps/pinocchio_add_light/.cache/sketch/libraries/Arduino_RouterBridge/singletons.cpp.o
 .text._ZN7arduino7msgpack8Unpacker11deserializeIjJEEEbRT_DpOT0_
                0x0000000000005de0       0x40 /home/arduino/ArduinoApps/pinocchio_add_light/.cache/sketch/libraries/Arduino_RouterBridge/singletons.cpp.o
                0x0000000000005de0                bool arduino::msgpack::Unpacker::deserialize<unsigned int>(unsigned int&)
 .text._ZN13BridgeMonitorILj512EEcvbEv
                0x0000000000005e20      0x28c /home/arduino/ArduinoApps/pinocchio_add_light/.cache/sketch/libraries/Arduino_RouterBridge/singletons.cpp.o
                0x0000000000005e20                BridgeMonitor<512u>::operator bool()
 .text._ZN11BridgeClass6notifyIJRN7arduino6StringEEEEvS2_DpOT_
                0x00000000000060ac       0xac /home/arduino/ArduinoApps/pinocchio_add_light/.cache/sketch/libraries/Arduino_RouterBridge/singletons.cpp.o
                0x00000000000060ac                void BridgeClass::notify<arduino::String&>(arduino::String, arduino::String&)
 .text._ZN7RpcCallIJRN7arduino6StringEEE8setErrorEiS1_
                0x0000000000006158       0x40 /home/arduino/ArduinoApps/pinocchio_add_light/.cache/sketch/libraries/Arduino_RouterBridge/singletons.cpp.o
                0x0000000000006158                RpcCall<arduino::String&>::setError(int, arduino::String)
 .text._ZN7RpcCallIJRN7arduino6StringEEED2Ev
                0x0000000000006198      0x118 /home/arduino/ArduinoApps/pinocchio_add_light/.cache/sketch/libraries/Arduino_RouterBridge/singletons.cpp.o
                0x0000000000006198                RpcCall<arduino::String&>::~RpcCall()
                0x0000000000006198                RpcCall<arduino::String&>::~RpcCall()
 .text._ZN10RpcDecoderILj1024EE12get_responseIjEEbjRT_R8RpcError
                0x00000000000062b0      0x17c /home/arduino/ArduinoApps/pinocchio_add_light/.cache/sketch/libraries/Arduino_RouterBridge/singletons.cpp.o
                0x00000000000062b0                bool RpcDecoder<1024u>::get_response<unsigned int>(unsigned int, unsigned int&, RpcError&)
 .text._ZN13BridgeMonitorILj512EE5writeEPKhj
                0x000000000000642c      0x1fc /home/arduino/ArduinoApps/pinocchio_add_light/.cache/sketch/libraries/Arduino_RouterBridge/singletons.cpp.o
                0x000000000000642c                BridgeMonitor<512u>::write(unsigned char const*, unsigned int)
 .text._ZN7RpcCallIJRjEE8setErrorEiN7arduino6StringE
                0x0000000000006628       0x40 /home/arduino/ArduinoApps/pinocchio_add_light/.cache/sketch/libraries/Arduino_RouterBridge/singletons.cpp.o
                0x0000000000006628                RpcCall<unsigned int&>::setError(int, arduino::String)
 .text._ZN7RpcCallIJRjEE7isErrorEv
                0x0000000000006668       0x34 /home/arduino/ArduinoApps/pinocchio_add_light/.cache/sketch/libraries/Arduino_RouterBridge/singletons.cpp.o
                0x0000000000006668                RpcCall<unsigned int&>::isError()
 .text._ZN7RpcCallIJRjEED2Ev
                0x000000000000669c      0x118 /home/arduino/ArduinoApps/pinocchio_add_light/.cache/sketch/libraries/Arduino_RouterBridge/singletons.cpp.o
                0x000000000000669c                RpcCall<unsigned int&>::~RpcCall()
                0x000000000000669c                RpcCall<unsigned int&>::~RpcCall()
 .text._ZN10RpcDecoderILj1024EE12get_responseISt6vectorIhSaIhEEEEbjRT_R8RpcError
                0x00000000000067b4      0x17c /home/arduino/ArduinoApps/pinocchio_add_light/.cache/sketch/libraries/Arduino_RouterBridge/singletons.cpp.o
                0x00000000000067b4                bool RpcDecoder<1024u>::get_response<std::vector<unsigned char, std::allocator<unsigned char> > >(unsigned int, std::vector<unsigned char, std::allocator<unsigned char> >&, RpcError&)
 .text._ZN7RpcCallIJRjEE6resultISt6vectorIhSaIhEEEEbRT_
                0x0000000000006930      0x134 /home/arduino/ArduinoApps/pinocchio_add_light/.cache/sketch/libraries/Arduino_RouterBridge/singletons.cpp.o
                0x0000000000006930                bool RpcCall<unsigned int&>::result<std::vector<unsigned char, std::allocator<unsigned char> > >(std::vector<unsigned char, std::allocator<unsigned char> >&)
 .text._ZN13BridgeMonitorILj512EE5_readEj
                0x0000000000006a64      0x120 /home/arduino/ArduinoApps/pinocchio_add_light/.cache/sketch/libraries/Arduino_RouterBridge/singletons.cpp.o
                0x0000000000006a64                BridgeMonitor<512u>::_read(unsigned int)
 .text._ZN13BridgeMonitorILj512EE9availableEv
                0x0000000000006b84       0x44 /home/arduino/ArduinoApps/pinocchio_add_light/.cache/sketch/libraries/Arduino_RouterBridge/singletons.cpp.o
                0x0000000000006b84                BridgeMonitor<512u>::available()
 .text._GLOBAL__sub_I_Bridge
                0x0000000000006bc8       0xc0 /home/arduino/ArduinoApps/pinocchio_add_light/.cache/sketch/libraries/Arduino_RouterBridge/singletons.cpp.o
 .text._GLOBAL__sub_D_Bridge
                0x0000000000006c88       0x20 /home/arduino/ArduinoApps/pinocchio_add_light/.cache/sketch/libraries/Arduino_RouterBridge/singletons.cpp.o
 .text._ZN12_GLOBAL__N_123find_gpio_port_callbackEPK6device
                0x0000000000006ca8       0x3c /home/arduino/ArduinoApps/pinocchio_add_light/.cache/sketch/core/core.a(WInterrupts.cpp.o)
 .text._ZN12_GLOBAL__N_118handleGpioCallbackEPK6deviceP13gpio_callbackj
                0x0000000000006ce4       0x24 /home/arduino/ArduinoApps/pinocchio_add_light/.cache/sketch/core/core.a(WInterrupts.cpp.o)
 .text._ZN12_GLOBAL__N_119setInterruptHandlerEhPFvvE.part.0
                0x0000000000006d08       0x28 /home/arduino/ArduinoApps/pinocchio_add_light/.cache/sketch/core/core.a(WInterrupts.cpp.o)
 .text.attachInterrupt
                0x0000000000006d30       0xc0 /home/arduino/ArduinoApps/pinocchio_add_light/.cache/sketch/core/core.a(WInterrupts.cpp.o)
                0x0000000000006d30                attachInterrupt
 .text._Z10interruptsv
                0x0000000000006df0       0x20 /home/arduino/ArduinoApps/pinocchio_add_light/.cache/sketch/core/core.a(WInterrupts.cpp.o)
                0x0000000000006df0                interrupts()
 .text._Z12noInterruptsv
                0x0000000000006e10       0x28 /home/arduino/ArduinoApps/pinocchio_add_light/.cache/sketch/core/core.a(WInterrupts.cpp.o)
                0x0000000000006e10                noInterrupts()
 .text._Z21digitalPinToInterrupth
                0x0000000000006e38       0x28 /home/arduino/ArduinoApps/pinocchio_add_light/.cache/sketch/core/core.a(WInterrupts.cpp.o)
                0x0000000000006e38                digitalPinToInterrupt(unsigned char)
 .text._ZN7arduino6Stream9timedReadEv
                0x0000000000006e60       0x2c /home/arduino/ArduinoApps/pinocchio_add_light/.cache/sketch/core/core.a(Stream.cpp.o)
                0x0000000000006e60                arduino::Stream::timedRead()
 .text._ZN7arduino6Stream10setTimeoutEm
                0x0000000000006e8c        0x4 /home/arduino/ArduinoApps/pinocchio_add_light/.cache/sketch/core/core.a(Stream.cpp.o)
                0x0000000000006e8c                arduino::Stream::setTimeout(unsigned long)
 .text._ZN7arduino6Stream9readBytesEPcj
                0x0000000000006e90       0x2c /home/arduino/ArduinoApps/pinocchio_add_light/.cache/sketch/core/core.a(Stream.cpp.o)
                0x0000000000006e90                arduino::Stream::readBytes(char*, unsigned int)
 .text._ZN7arduino6StringC2EOS0_
                0x0000000000006ebc       0x16 /home/arduino/ArduinoApps/pinocchio_add_light/.cache/sketch/core/core.a(String.cpp.o)
                0x0000000000006ebc                arduino::String::String(arduino::String&&)
                0x0000000000006ebc                arduino::String::String(arduino::String&&)
 *fill*         0x0000000000006ed2        0x2 
 .text._ZN7arduino6StringD2Ev
                0x0000000000006ed4       0x14 /home/arduino/ArduinoApps/pinocchio_add_light/.cache/sketch/core/core.a(String.cpp.o)
                0x0000000000006ed4                arduino::String::~String()
                0x0000000000006ed4                arduino::String::~String()
 .text._ZN7arduino6String10invalidateEv
                0x0000000000006ee8       0x1c /home/arduino/ArduinoApps/pinocchio_add_light/.cache/sketch/core/core.a(String.cpp.o)
                0x0000000000006ee8                arduino::String::invalidate()
 .text._ZN7arduino6String12changeBufferEj
                0x0000000000006f04       0x1c /home/arduino/ArduinoApps/pinocchio_add_light/.cache/sketch/core/core.a(String.cpp.o)
                0x0000000000006f04                arduino::String::changeBuffer(unsigned int)
 .text._ZN7arduino6String7reserveEj
                0x0000000000006f20       0x28 /home/arduino/ArduinoApps/pinocchio_add_light/.cache/sketch/core/core.a(String.cpp.o)
                0x0000000000006f20                arduino::String::reserve(unsigned int)
 .text._ZN7arduino6String4copyEPKcj
                0x0000000000006f48       0x3c /home/arduino/ArduinoApps/pinocchio_add_light/.cache/sketch/core/core.a(String.cpp.o)
                0x0000000000006f48                arduino::String::copy(char const*, unsigned int)
 .text._ZN7arduino6StringC2EPKc
                0x0000000000006f84       0x2c /home/arduino/ArduinoApps/pinocchio_add_light/.cache/sketch/core/core.a(String.cpp.o)
                0x0000000000006f84                arduino::String::String(char const*)
                0x0000000000006f84                arduino::String::String(char const*)
 .text._ZN7arduino6String4moveERS0_
                0x0000000000006fb0       0x2c /home/arduino/ArduinoApps/pinocchio_add_light/.cache/sketch/core/core.a(String.cpp.o)
                0x0000000000006fb0                arduino::String::move(arduino::String&)
 .text._ZN7arduino6StringaSERKS0_
                0x0000000000006fdc       0x28 /home/arduino/ArduinoApps/pinocchio_add_light/.cache/sketch/core/core.a(String.cpp.o)
                0x0000000000006fdc                arduino::String::operator=(arduino::String const&)
 .text._ZN7arduino6StringC2ERKS0_
                0x0000000000007004       0x18 /home/arduino/ArduinoApps/pinocchio_add_light/.cache/sketch/core/core.a(String.cpp.o)
                0x0000000000007004                arduino::String::String(arduino::String const&)
                0x0000000000007004                arduino::String::String(arduino::String const&)
 .text._ZN7arduino6StringaSEOS0_
                0x000000000000701c       0x10 /home/arduino/ArduinoApps/pinocchio_add_light/.cache/sketch/core/core.a(String.cpp.o)
                0x000000000000701c                arduino::String::operator=(arduino::String&&)
 .text._ZN7arduino6StringaSEPKc
                0x000000000000702c       0x30 /home/arduino/ArduinoApps/pinocchio_add_light/.cache/sketch/core/core.a(String.cpp.o)
                0x000000000000702c                arduino::String::operator=(char const*)
 .text._ZN7arduino6StringC2Eih
                0x000000000000705c       0x2c /home/arduino/ArduinoApps/pinocchio_add_light/.cache/sketch/core/core.a(String.cpp.o)
                0x000000000000705c                arduino::String::String(int, unsigned char)
                0x000000000000705c                arduino::String::String(int, unsigned char)
 .text._ZN7arduino6String6concatEPKcj
                0x0000000000007088       0x40 /home/arduino/ArduinoApps/pinocchio_add_light/.cache/sketch/core/core.a(String.cpp.o)
                0x0000000000007088                arduino::String::concat(char const*, unsigned int)
 .text._ZN7arduino6String6concatERKS0_
                0x00000000000070c8        0xc /home/arduino/ArduinoApps/pinocchio_add_light/.cache/sketch/core/core.a(String.cpp.o)
                0x00000000000070c8                arduino::String::concat(arduino::String const&)
 .text._ZN7arduino6String6concatEc
                0x00000000000070d4       0x1c /home/arduino/ArduinoApps/pinocchio_add_light/.cache/sketch/core/core.a(String.cpp.o)
                0x00000000000070d4                arduino::String::concat(char)
 .text._ZNK7arduino6String9compareToERKS0_
                0x00000000000070f0       0x30 /home/arduino/ArduinoApps/pinocchio_add_light/.cache/sketch/core/core.a(String.cpp.o)
                0x00000000000070f0                arduino::String::compareTo(arduino::String const&) const
 .text._ZNK7arduino6String6equalsERKS0_
                0x0000000000007120       0x20 /home/arduino/ArduinoApps/pinocchio_add_light/.cache/sketch/core/core.a(String.cpp.o)
                0x0000000000007120                arduino::String::equals(arduino::String const&) const
 .text._ZNK7arduino6String6equalsEPKc
                0x0000000000007140       0x28 /home/arduino/ArduinoApps/pinocchio_add_light/.cache/sketch/core/core.a(String.cpp.o)
                0x0000000000007140                arduino::String::equals(char const*) const
 .text.ltoa     0x0000000000007168       0x80 /home/arduino/ArduinoApps/pinocchio_add_light/.cache/sketch/core/core.a(itoa.cpp.o)
                0x0000000000007168                ltoa
 .text.itoa     0x00000000000071e8        0x8 /home/arduino/ArduinoApps/pinocchio_add_light/.cache/sketch/core/core.a(itoa.cpp.o)
                0x00000000000071e8                itoa
 .text.memcpy   0x00000000000071f0        0x8 /home/arduino/ArduinoApps/pinocchio_add_light/.cache/sketch/core/core.a(llext_wrappers.c.o)
                0x00000000000071f0                memcpy
 .text.memmove  0x00000000000071f8        0x8 /home/arduino/ArduinoApps/pinocchio_add_light/.cache/sketch/core/core.a(llext_wrappers.c.o)
                0x00000000000071f8                memmove
 .text.strlen   0x0000000000007200        0x8 /home/arduino/ArduinoApps/pinocchio_add_light/.cache/sketch/core/core.a(llext_wrappers.c.o)
                0x0000000000007200                strlen
 .text.strcmp   0x0000000000007208        0x8 /home/arduino/ArduinoApps/pinocchio_add_light/.cache/sketch/core/core.a(llext_wrappers.c.o)
                0x0000000000007208                strcmp
 .text.memset   0x0000000000007210        0x8 /home/arduino/ArduinoApps/pinocchio_add_light/.cache/sketch/core/core.a(llext_wrappers.c.o)
                0x0000000000007210                memset
 .text.malloc   0x0000000000007218        0x8 /home/arduino/ArduinoApps/pinocchio_add_light/.cache/sketch/core/core.a(llext_wrappers.c.o)
                0x0000000000007218                malloc
 .text.realloc  0x0000000000007220        0x8 /home/arduino/ArduinoApps/pinocchio_add_light/.cache/sketch/core/core.a(llext_wrappers.c.o)
                0x0000000000007220                realloc
 .text.free     0x0000000000007228        0x8 /home/arduino/ArduinoApps/pinocchio_add_light/.cache/sketch/core/core.a(llext_wrappers.c.o)
                0x0000000000007228                free
 .text.__aeabi_i2d
                0x0000000000007230        0xa /home/arduino/ArduinoApps/pinocchio_add_light/.cache/sketch/core/core.a(llext_wrappers.c.o)
                0x0000000000007230                __aeabi_i2d
 .text.__aeabi_ui2d
                0x000000000000723a        0xa /home/arduino/ArduinoApps/pinocchio_add_light/.cache/sketch/core/core.a(llext_wrappers.c.o)
                0x000000000000723a                __aeabi_ui2d
 .text.__aeabi_l2d
                0x0000000000007244        0xa /home/arduino/ArduinoApps/pinocchio_add_light/.cache/sketch/core/core.a(llext_wrappers.c.o)
                0x0000000000007244                __aeabi_l2d
 .text.__aeabi_ul2d
                0x000000000000724e        0xa /home/arduino/ArduinoApps/pinocchio_add_light/.cache/sketch/core/core.a(llext_wrappers.c.o)
                0x000000000000724e                __aeabi_ul2d
 .text.__aeabi_d2f
                0x0000000000007258        0xa /home/arduino/ArduinoApps/pinocchio_add_light/.cache/sketch/core/core.a(llext_wrappers.c.o)
                0x0000000000007258                __aeabi_d2f
 .text.__aeabi_f2d
                0x0000000000007262        0xa /home/arduino/ArduinoApps/pinocchio_add_light/.cache/sketch/core/core.a(llext_wrappers.c.o)
                0x0000000000007262                __aeabi_f2d
 .text.__aeabi_l2f
                0x000000000000726c        0xa /home/arduino/ArduinoApps/pinocchio_add_light/.cache/sketch/core/core.a(llext_wrappers.c.o)
                0x000000000000726c                __aeabi_l2f
 .text.__aeabi_ul2f
                0x0000000000007276        0xa /home/arduino/ArduinoApps/pinocchio_add_light/.cache/sketch/core/core.a(llext_wrappers.c.o)
                0x0000000000007276                __aeabi_ul2f
 .text.__aeabi_uldivmod
                0x0000000000007280        0xa /home/arduino/ArduinoApps/pinocchio_add_light/.cache/sketch/core/core.a(llext_wrappers.c.o)
                0x0000000000007280                __aeabi_uldivmod
 *fill*         0x000000000000728a        0x2 
 .text.atexit   0x000000000000728c        0x8 /home/arduino/ArduinoApps/pinocchio_add_light/.cache/sketch/core/core.a(llext_wrappers.c.o)
                0x000000000000728c                atexit
 .text.abort    0x0000000000007294        0xc /home/arduino/ArduinoApps/pinocchio_add_light/.cache/sketch/core/core.a(llext_wrappers.c.o)
                0x0000000000007294                abort
 .text.initVariant
                0x00000000000072a0        0x2 /home/arduino/ArduinoApps/pinocchio_add_light/.cache/sketch/core/core.a(main.cpp.o)
                0x00000000000072a0                initVariant
 *fill*         0x00000000000072a2        0x2 
 .text.main     0x00000000000072a4       0x2c /home/arduino/ArduinoApps/pinocchio_add_light/.cache/sketch/core/core.a(main.cpp.o)
                0x00000000000072a4                main
 .text._ZL10new_helperj
                0x00000000000072d0       0x10 /home/arduino/ArduinoApps/pinocchio_add_light/.cache/sketch/core/core.a(new.cpp.o)
 .text._Znwj    0x00000000000072e0        0x8 /home/arduino/ArduinoApps/pinocchio_add_light/.cache/sketch/core/core.a(new.cpp.o)